<html>
<body>
<pre>
<h1>µVision Build Log</h1>
<h2>Tool Versions:</h2>
IDE-Version: ¦ÌVision V5.43.1.0
Copyright (C) 2025 ARM Ltd and ARM Germany GmbH. All rights reserved.
License Information: xx xx, xx, LIC=TA39H-WFSQ3-PHJ89-4I7C3-IKFDD-0TBKT
 
Tool Versions:
Toolchain:       MDK-ARM Professional  Version: 5.43.0.0
Toolchain Path:  D:\Luminary\Develop\stm32\MDK-ARM\Keil_v5\ARM\ARMCC\Bin
C Compiler:      Armcc.exe V5.06 update 7 (build 960)
Assembler:       Armasm.exe V5.06 update 7 (build 960)
Linker/Locator:  ArmLink.exe V5.06 update 7 (build 960)
Library Manager: ArmAr.exe V5.06 update 7 (build 960)
Hex Converter:   FromElf.exe V5.06 update 7 (build 960)
CPU DLL:         SARMCM3.DLL V5.43.0.0
Dialog DLL:      DCM.DLL V1.17.5.0
Target DLL:      STLink\ST-LINKIII-KEIL_SWO.dll V3.3.1.0
Dialog DLL:      TCM.DLL V1.56.6.0
 
<h2>Project:</h2>
D:\Luminary\Develop\stm32\MDK-ARM\stm32_projects\STM32F103RBT6\24_nrf24l01\recv\project\test.uvprojx
Project File Date:  03/10/2026

<h2>Output:</h2>
*** Using Compiler 'V5.06 update 7 (build 960)', folder: 'D:\Luminary\Develop\stm32\MDK-ARM\Keil_v5\ARM\ARMCC\Bin'
Rebuild target 'Target'
assembling startup_stm32f10x_md.s...
compiling core_cm3.c...
compiling misc.c...
compiling stm32f10x_gpio.c...
compiling stm32f10x_rcc.c...
compiling delay.c...
compiling button.c...
compiling stm32f10x_rtc.c...
compiling eint.c...
compiling led.c...
compiling buzzer.c...
compiling stm32f10x_exti.c...
compiling stm32f10x_pwr.c...
compiling stm32f10x_bkp.c...
compiling stm32f10x_iwdg.c...
compiling stm32f10x_usart.c...
compiling stm32f10x_adc.c...
compiling iwdg.c...
compiling usart1.c...
compiling dht.c...
compiling gpio_iic.c...
compiling oled.c...
compiling eeprom.c...
compiling sht.c...
compiling adj_res.c...
compiling nrf24l01.c...
compiling ldt.c...
compiling main.c...
compiling stm32f10x_it.c...
compiling system_stm32f10x.c...
compiling rtc.c...
linking...
Program Size: Code=8938 RO-data=2530 RW-data=28 ZI-data=1660  
".\Objects\test.axf" - 0 Error(s), 0 Warning(s).

<h2>Software Packages used:</h2>

Package Vendor: Keil
                https://www.keil.com/pack/Keil.STM32F1xx_DFP.2.4.1.pack
                Keil::STM32F1xx_DFP@2.4.1
                STMicroelectronics STM32F1 Series Device Support, Drivers and Examples

<h2>Collection of Component include folders:</h2>
  D:/Luminary/Develop/stm32/MDK-ARM/Keil_v5/ARM/PACK/Keil/STM32F1xx_DFP/2.4.1/Device/Include

<h2>Collection of Component Files used:</h2>
Build Time Elapsed:  00:00:01
</pre>
</body>
</html>
