Component: ARM Compiler 5.06 update 7 (build 960) Tool: armlink [4d3601]

==============================================================================

Section Cross References

    startup_stm32f10x_md.o(STACK) refers (Special) to heapauxi.o(.text) for __use_two_region_memory
    startup_stm32f10x_md.o(HEAP) refers (Special) to heapauxi.o(.text) for __use_two_region_memory
    startup_stm32f10x_md.o(RESET) refers (Special) to heapauxi.o(.text) for __use_two_region_memory
    startup_stm32f10x_md.o(RESET) refers to startup_stm32f10x_md.o(STACK) for __initial_sp
    startup_stm32f10x_md.o(RESET) refers to startup_stm32f10x_md.o(.text) for Reset_Handler
    startup_stm32f10x_md.o(RESET) refers to stm32f10x_it.o(i.NMI_Handler) for NMI_Handler
    startup_stm32f10x_md.o(RESET) refers to stm32f10x_it.o(i.HardFault_Handler) for HardFault_Handler
    startup_stm32f10x_md.o(RESET) refers to stm32f10x_it.o(i.MemManage_Handler) for MemManage_Handler
    startup_stm32f10x_md.o(RESET) refers to stm32f10x_it.o(i.BusFault_Handler) for BusFault_Handler
    startup_stm32f10x_md.o(RESET) refers to stm32f10x_it.o(i.UsageFault_Handler) for UsageFault_Handler
    startup_stm32f10x_md.o(RESET) refers to stm32f10x_it.o(i.SVC_Handler) for SVC_Handler
    startup_stm32f10x_md.o(RESET) refers to stm32f10x_it.o(i.DebugMon_Handler) for DebugMon_Handler
    startup_stm32f10x_md.o(RESET) refers to stm32f10x_it.o(i.PendSV_Handler) for PendSV_Handler
    startup_stm32f10x_md.o(RESET) refers to stm32f10x_it.o(i.SysTick_Handler) for SysTick_Handler
    startup_stm32f10x_md.o(RESET) refers to rtc.o(i.RTC_IRQHandler) for RTC_IRQHandler
    startup_stm32f10x_md.o(RESET) refers to eint.o(i.EXTI9_5_IRQHandler) for EXTI9_5_IRQHandler
    startup_stm32f10x_md.o(RESET) refers to usart1.o(i.USART1_IRQHandler) for USART1_IRQHandler
    startup_stm32f10x_md.o(.text) refers (Special) to heapauxi.o(.text) for __use_two_region_memory
    startup_stm32f10x_md.o(.text) refers to system_stm32f10x.o(i.SystemInit) for SystemInit
    startup_stm32f10x_md.o(.text) refers to __main.o(!!!main) for __main
    startup_stm32f10x_md.o(.text) refers to startup_stm32f10x_md.o(HEAP) for Heap_Mem
    startup_stm32f10x_md.o(.text) refers to startup_stm32f10x_md.o(STACK) for Stack_Mem
    stm32f10x_gpio.o(i.GPIO_AFIODeInit) refers to stm32f10x_rcc.o(i.RCC_APB2PeriphResetCmd) for RCC_APB2PeriphResetCmd
    stm32f10x_gpio.o(i.GPIO_DeInit) refers to stm32f10x_rcc.o(i.RCC_APB2PeriphResetCmd) for RCC_APB2PeriphResetCmd
    stm32f10x_rcc.o(i.RCC_GetClocksFreq) refers to stm32f10x_rcc.o(.data) for APBAHBPrescTable
    stm32f10x_rcc.o(i.RCC_WaitForHSEStartUp) refers to stm32f10x_rcc.o(i.RCC_GetFlagStatus) for RCC_GetFlagStatus
    stm32f10x_usart.o(i.USART_DeInit) refers to stm32f10x_rcc.o(i.RCC_APB2PeriphResetCmd) for RCC_APB2PeriphResetCmd
    stm32f10x_usart.o(i.USART_DeInit) refers to stm32f10x_rcc.o(i.RCC_APB1PeriphResetCmd) for RCC_APB1PeriphResetCmd
    stm32f10x_usart.o(i.USART_Init) refers to stm32f10x_rcc.o(i.RCC_GetClocksFreq) for RCC_GetClocksFreq
    stm32f10x_adc.o(i.ADC_DeInit) refers to stm32f10x_rcc.o(i.RCC_APB2PeriphResetCmd) for RCC_APB2PeriphResetCmd
    stm32f10x_rtc.o(i.RTC_SetAlarm) refers to stm32f10x_rtc.o(i.RTC_EnterConfigMode) for RTC_EnterConfigMode
    stm32f10x_rtc.o(i.RTC_SetAlarm) refers to stm32f10x_rtc.o(i.RTC_ExitConfigMode) for RTC_ExitConfigMode
    stm32f10x_rtc.o(i.RTC_SetCounter) refers to stm32f10x_rtc.o(i.RTC_EnterConfigMode) for RTC_EnterConfigMode
    stm32f10x_rtc.o(i.RTC_SetCounter) refers to stm32f10x_rtc.o(i.RTC_ExitConfigMode) for RTC_ExitConfigMode
    stm32f10x_rtc.o(i.RTC_SetPrescaler) refers to stm32f10x_rtc.o(i.RTC_EnterConfigMode) for RTC_EnterConfigMode
    stm32f10x_rtc.o(i.RTC_SetPrescaler) refers to stm32f10x_rtc.o(i.RTC_ExitConfigMode) for RTC_ExitConfigMode
    stm32f10x_pwr.o(i.PWR_DeInit) refers to stm32f10x_rcc.o(i.RCC_APB1PeriphResetCmd) for RCC_APB1PeriphResetCmd
    stm32f10x_bkp.o(i.BKP_DeInit) refers to stm32f10x_rcc.o(i.RCC_BackupResetCmd) for RCC_BackupResetCmd
    buzzer.o(i.buzzer_init) refers to stm32f10x_rcc.o(i.RCC_APB2PeriphClockCmd) for RCC_APB2PeriphClockCmd
    buzzer.o(i.buzzer_init) refers to stm32f10x_gpio.o(i.GPIO_Init) for GPIO_Init
    led.o(i.led_init) refers to stm32f10x_rcc.o(i.RCC_APB2PeriphClockCmd) for RCC_APB2PeriphClockCmd
    led.o(i.led_init) refers to stm32f10x_gpio.o(i.GPIO_Init) for GPIO_Init
    button.o(i.button_init) refers to stm32f10x_rcc.o(i.RCC_APB2PeriphClockCmd) for RCC_APB2PeriphClockCmd
    button.o(i.button_init) refers to stm32f10x_gpio.o(i.GPIO_Init) for GPIO_Init
    delay.o(i.delay_init) refers to misc.o(i.SysTick_CLKSourceConfig) for SysTick_CLKSourceConfig
    delay.o(i.delay_init) refers to delay.o(.data) for fac_us
    delay.o(i.delay_ms) refers to delay.o(i.delay_xms) for delay_xms
    delay.o(i.delay_us) refers to delay.o(.data) for fac_us
    delay.o(i.delay_xms) refers to delay.o(.data) for fac_ms
[...]
    Removing stm32f10x_rcc.o(.data), (20 bytes).
    Removing misc.o(i.NVIC_Init), (112 bytes).
    Removing misc.o(i.NVIC_PriorityGroupConfig), (20 bytes).
    Removing misc.o(i.NVIC_SetVectorTable), (20 bytes).
    Removing misc.o(i.NVIC_SystemLPConfig), (32 bytes).
    Removing stm32f10x_exti.o(i.EXTI_ClearFlag), (12 bytes).
    Removing stm32f10x_exti.o(i.EXTI_DeInit), (36 bytes).
    Removing stm32f10x_exti.o(i.EXTI_GenerateSWInterrupt), (16 bytes).
    Removing stm32f10x_exti.o(i.EXTI_GetFlagStatus), (24 bytes).
    Removing stm32f10x_exti.o(i.EXTI_Init), (148 bytes).
    Removing stm32f10x_exti.o(i.EXTI_StructInit), (16 bytes).
    Removing stm32f10x_iwdg.o(i.IWDG_Enable), (16 bytes).
    Removing stm32f10x_iwdg.o(i.IWDG_GetFlagStatus), (24 bytes).
    Removing stm32f10x_iwdg.o(i.IWDG_ReloadCounter), (16 bytes).
    Removing stm32f10x_iwdg.o(i.IWDG_SetPrescaler), (12 bytes).
    Removing stm32f10x_iwdg.o(i.IWDG_SetReload), (12 bytes).
    Removing stm32f10x_iwdg.o(i.IWDG_WriteAccessCmd), (12 bytes).
    Removing stm32f10x_usart.o(i.USART_ClearFlag), (18 bytes).
    Removing stm32f10x_usart.o(i.USART_ClockInit), (34 bytes).
    Removing stm32f10x_usart.o(i.USART_ClockStructInit), (12 bytes).
    Removing stm32f10x_usart.o(i.USART_Cmd), (24 bytes).
    Removing stm32f10x_usart.o(i.USART_DMACmd), (18 bytes).
    Removing stm32f10x_usart.o(i.USART_DeInit), (156 bytes).
    Removing stm32f10x_usart.o(i.USART_GetFlagStatus), (26 bytes).
    Removing stm32f10x_usart.o(i.USART_HalfDuplexCmd), (24 bytes).
    Removing stm32f10x_usart.o(i.USART_ITConfig), (74 bytes).
    Removing stm32f10x_usart.o(i.USART_Init), (216 bytes).
    Removing stm32f10x_usart.o(i.USART_IrDACmd), (24 bytes).
    Removing stm32f10x_usart.o(i.USART_IrDAConfig), (18 bytes).
    Removing stm32f10x_usart.o(i.USART_LINBreakDetectLengthConfig), (18 bytes).
    Removing stm32f10x_usart.o(i.USART_LINCmd), (24 bytes).
    Removing stm32f10x_usart.o(i.USART_OneBitMethodCmd), (24 bytes).
    Removing stm32f10x_usart.o(i.USART_OverSampling8Cmd), (22 bytes).
    Removing stm32f10x_usart.o(i.USART_ReceiverWakeUpCmd), (24 bytes).
    Removing stm32f10x_usart.o(i.USART_SendBreak), (10 bytes).
    Removing stm32f10x_usart.o(i.USART_SendData), (8 bytes).
    Removing stm32f10x_usart.o(i.USART_SetAddress), (18 bytes).
    Removing stm32f10x_usart.o(i.USART_SetGuardTime), (16 bytes).
    Removing stm32f10x_usart.o(i.USART_SetPrescaler), (16 bytes).
    Removing stm32f10x_usart.o(i.USART_SmartCardCmd), (24 bytes).
    Removing stm32f10x_usart.o(i.USART_SmartCardNACKCmd), (24 bytes).
    Removing stm32f10x_usart.o(i.USART_StructInit), (24 bytes).
    Removing stm32f10x_usart.o(i.USART_WakeUpConfig), (18 bytes).
    Removing stm32f10x_adc.o(i.ADC_AnalogWatchdogCmd), (20 bytes).
    Removing stm32f10x_adc.o(i.ADC_AnalogWatchdogSingleChannelConfig), (16 bytes).
    Removing stm32f10x_adc.o(i.ADC_AnalogWatchdogThresholdsConfig), (6 bytes).
    Removing stm32f10x_adc.o(i.ADC_AutoInjectedConvCmd), (22 bytes).
    Removing stm32f10x_adc.o(i.ADC_ClearFlag), (6 bytes).
    Removing stm32f10x_adc.o(i.ADC_ClearITPendingBit), (10 bytes).
    Removing stm32f10x_adc.o(i.ADC_Cmd), (22 bytes).
    Removing stm32f10x_adc.o(i.ADC_DMACmd), (22 bytes).
    Removing stm32f10x_adc.o(i.ADC_DeInit), (92 bytes).
    Removing stm32f10x_adc.o(i.ADC_DiscModeChannelCountConfig), (24 bytes).
    Removing stm32f10x_adc.o(i.ADC_DiscModeCmd), (22 bytes).
    Removing stm32f10x_adc.o(i.ADC_ExternalTrigConvCmd), (22 bytes).
    Removing stm32f10x_adc.o(i.ADC_ExternalTrigInjectedConvCmd), (22 bytes).
    Removing stm32f10x_adc.o(i.ADC_ExternalTrigInjectedConvConfig), (16 bytes).
    Removing stm32f10x_adc.o(i.ADC_GetCalibrationStatus), (20 bytes).
    Removing stm32f10x_adc.o(i.ADC_GetConversionValue), (8 bytes).
    Removing stm32f10x_adc.o(i.ADC_GetDualModeConversionValue), (12 bytes).
    Removing stm32f10x_adc.o(i.ADC_GetFlagStatus), (18 bytes).
    Removing stm32f10x_adc.o(i.ADC_GetITStatus), (36 bytes).
    Removing stm32f10x_adc.o(i.ADC_GetInjectedConversionValue), (28 bytes).
    Removing stm32f10x_adc.o(i.ADC_GetResetCalibrationStatus), (20 bytes).
    Removing stm32f10x_adc.o(i.ADC_GetSoftwareStartConvStatus), (20 bytes).
    Removing stm32f10x_adc.o(i.ADC_GetSoftwareStartInjectedConvCmdStatus), (20 bytes).
    Removing stm32f10x_adc.o(i.ADC_ITConfig), (24 bytes).
    Removing stm32f10x_adc.o(i.ADC_Init), (80 bytes).
    Removing stm32f10x_adc.o(i.ADC_InjectedChannelConfig), (130 bytes).
    Removing stm32f10x_adc.o(i.ADC_InjectedDiscModeCmd), (22 bytes).
    Removing stm32f10x_adc.o(i.ADC_InjectedSequencerLengthConfig), (24 bytes).
    Removing stm32f10x_adc.o(i.ADC_RegularChannelConfig), (184 bytes).
    Removing stm32f10x_adc.o(i.ADC_ResetCalibration), (10 bytes).
    Removing stm32f10x_adc.o(i.ADC_SetInjectedOffset), (20 bytes).
    Removing stm32f10x_adc.o(i.ADC_SoftwareStartConvCmd), (22 bytes).
    Removing stm32f10x_adc.o(i.ADC_SoftwareStartInjectedConvCmd), (22 bytes).
    Removing stm32f10x_adc.o(i.ADC_StartCalibration), (10 bytes).
    Removing stm32f10x_adc.o(i.ADC_StructInit), (18 bytes).
    Removing stm32f10x_adc.o(i.ADC_TempSensorVrefintCmd), (36 bytes).
    Removing stm32f10x_rtc.o(i.RTC_ClearFlag), (16 bytes).
    Removing stm32f10x_rtc.o(i.RTC_EnterConfigMode), (20 bytes).
    Removing stm32f10x_rtc.o(i.RTC_ExitConfigMode), (20 bytes).
    Removing stm32f10x_rtc.o(i.RTC_GetDivider), (24 bytes).
    Removing stm32f10x_rtc.o(i.RTC_GetFlagStatus), (24 bytes).
    Removing stm32f10x_rtc.o(i.RTC_ITConfig), (32 bytes).
    Removing stm32f10x_rtc.o(i.RTC_SetAlarm), (28 bytes).
    Removing stm32f10x_rtc.o(i.RTC_SetCounter), (28 bytes).
    Removing stm32f10x_rtc.o(i.RTC_SetPrescaler), (32 bytes).
    Removing stm32f10x_rtc.o(i.RTC_WaitForLastTask), (20 bytes).
    Removing stm32f10x_rtc.o(i.RTC_WaitForSynchro), (36 bytes).
    Removing stm32f10x_pwr.o(i.PWR_BackupAccessCmd), (12 bytes).
    Removing stm32f10x_pwr.o(i.PWR_ClearFlag), (20 bytes).
    Removing stm32f10x_pwr.o(i.PWR_DeInit), (22 bytes).
    Removing stm32f10x_pwr.o(i.PWR_EnterSTANDBYMode), (52 bytes).
    Removing stm32f10x_pwr.o(i.PWR_EnterSTOPMode), (64 bytes).
    Removing stm32f10x_pwr.o(i.PWR_GetFlagStatus), (24 bytes).
    Removing stm32f10x_pwr.o(i.PWR_PVDCmd), (12 bytes).
    Removing stm32f10x_pwr.o(i.PWR_PVDLevelConfig), (24 bytes).
    Removing stm32f10x_pwr.o(i.PWR_WakeUpPinCmd), (12 bytes).
    Removing stm32f10x_bkp.o(i.BKP_ClearFlag), (20 bytes).
    Removing stm32f10x_bkp.o(i.BKP_ClearITPendingBit), (20 bytes).
    Removing stm32f10x_bkp.o(i.BKP_DeInit), (16 bytes).
    Removing stm32f10x_bkp.o(i.BKP_GetFlagStatus), (12 bytes).
    Removing stm32f10x_bkp.o(i.BKP_GetITStatus), (12 bytes).
    Removing stm32f10x_bkp.o(i.BKP_ITConfig), (12 bytes).
    Removing stm32f10x_bkp.o(i.BKP_RTCOutputConfig), (28 bytes).
    Removing stm32f10x_bkp.o(i.BKP_ReadBackupRegister), (28 bytes).
    Removing stm32f10x_bkp.o(i.BKP_SetRTCCalibrationValue), (28 bytes).
    Removing stm32f10x_bkp.o(i.BKP_TamperPinCmd), (12 bytes).
    Removing stm32f10x_bkp.o(i.BKP_TamperPinLevelConfig), (12 bytes).
    Removing stm32f10x_bkp.o(i.BKP_WriteBackupRegister), (28 bytes).
    Removing buzzer.o(i.buzzer_init), (52 bytes).
    Removing buzzer.o(i.buzzer_off), (12 bytes).
    Removing buzzer.o(i.buzzer_on), (12 bytes).
    Removing led.o(i.led_off), (48 bytes).
    Removing button.o(i.button_init), (44 bytes).
    Removing button.o(i.button_status), (44 bytes).
    Removing eint.o(i.eint_init), (128 bytes).
    Removing eint.o(i.set_eint_handler), (20 bytes).
    Removing iwdg.o(i.iwdg_feed_dog), (8 bytes).
    Removing iwdg.o(i.iwdg_init), (34 bytes).
    Removing usart1.o(i.set_usart1_handler), (12 bytes).
    Removing usart1.o(i.usart_1_init), (172 bytes).
    Removing usart1.o(i.usart_1_recv_byte), (40 bytes).
    Removing usart1.o(i.usart_1_send_byte), (40 bytes).
    Removing usart1.o(i.usart_1_send_data), (22 bytes).
    Removing dht.o(i.dht_init), (12 bytes).
    Removing dht.o(i.dht_input_state), (16 bytes).
    Removing dht.o(i.dht_output_state), (32 bytes).
    Removing dht.o(i.get_dht_value), (180 bytes).
    Removing dht.o(i.set_dht_gpio_input), (28 bytes).
    Removing dht.o(i.set_dht_gpio_output), (36 bytes).
    Removing oled.o(i.IIC_Start_Oled), (8 bytes).
    Removing oled.o(i.IIC_Stop_Oled), (8 bytes).
    Removing oled.o(i.IIC_Wait_Ack_Oled), (8 bytes).
    Removing oled.o(i.OLED_Display_Off), (28 bytes).
    Removing oled.o(i.OLED_Display_On), (28 bytes).
    Removing oled.o(i.OLED_DrawBMP), (118 bytes).
    Removing oled.o(i.OLED_On), (64 bytes).
    Removing oled.o(i.OLED_ShowCHinese), (92 bytes).
    Removing oled.o(i.OLED_ShowHUm), (104 bytes).
    Removing oled.o(i.OLED_ShowTEmp), (104 bytes).
    Removing oled.o(i.OLED_ShowTIttle), (88 bytes).
    Removing oled.o(i.Write_IIC_Byte), (12 bytes).
    Removing oled.o(i.fill_picture), (66 bytes).
    Removing oled.o(.data), (320 bytes).
    Removing gpio_iic.o(i.IIC_Ack), (56 bytes).
    Removing gpio_iic.o(i.IIC_NAck), (56 bytes).
    Removing gpio_iic.o(i.IIC_Recv_Byte), (96 bytes).
    Removing eeprom.o(i.eeprom_byte_write), (48 bytes).
    Removing eeprom.o(i.eeprom_cur_addr_read), (38 bytes).
    Removing eeprom.o(i.eeprom_init), (8 bytes).
    Removing eeprom.o(i.eeprom_page_write), (68 bytes).
    Removing eeprom.o(i.eeprom_rand_read), (64 bytes).
    Removing eeprom.o(i.eeprom_sequ_read), (98 bytes).
    Removing sht.o(i.sht_init), (76 bytes).
    Removing sht.o(i.sht_read_data), (240 bytes).
    Removing sht.o(i.sht_write_mode), (66 bytes).
    Removing sht.o(i.sht_write_read_cmd), (54 bytes).
    Removing adj_res.o(i.adc_init), (112 bytes).
    Removing adj_res.o(i.adc_start), (16 bytes).
    Removing adj_res.o(i.adc_wait), (24 bytes).
    Removing adj_res.o(i.adj_res_init), (8 bytes).
    Removing adj_res.o(i.get_adc_value), (16 bytes).
    Removing adj_res.o(i.get_adj_res_value), (16 bytes).
    Removing rtc.o(i.NVIC_Configuration), (40 bytes).
    Removing rtc.o(i.RTC_Configuration), (96 bytes).
    Removing rtc.o(i.get_time), (20 bytes).
    Removing rtc.o(i.rtc_init), (82 bytes).
    Removing rtc.o(i.set_time), (200 bytes).
    Removing ldt.o(i.digit_show_data), (156 bytes).
    Removing ldt.o(i.hc138_out_data), (112 bytes).
    Removing ldt.o(i.hc595_send_data), (80 bytes).
    Removing ldt.o(i.ldt_init), (144 bytes).
    Removing nrf24l01.o(i.NRF_TX_Mode), (112 bytes).
    Removing nrf24l01.o(i.NRF_Tx_Dat), (104 bytes).
    Removing system_stm32f10x.o(i.SystemCoreClockUpdate), (164 bytes).
    Removing system_stm32f10x.o(.data), (20 bytes).

224 unused section(s) (total 9494 bytes) removed from the image.

==============================================================================

Image Symbol Table

    Local Symbols

    Symbol Name                              Value     Ov Type        Size  Object(Section)

    ../clib/angel/boardlib.s                 0x00000000   Number         0  boardinit3.o ABSOLUTE
    ../clib/angel/boardlib.s                 0x00000000   Number         0  boardinit2.o ABSOLUTE
    ../clib/angel/boardlib.s                 0x00000000   Number         0  boardinit1.o ABSOLUTE
    ../clib/angel/boardlib.s                 0x00000000   Number         0  boardshut.o ABSOLUTE
    ../clib/angel/handlers.s                 0x00000000   Number         0  __scatter_copy.o ABSOLUTE
    ../clib/angel/handlers.s                 0x00000000   Number         0  __scatter_zi.o ABSOLUTE
    ../clib/angel/kernel.s                   0x00000000   Number         0  __rtentry.o ABSOLUTE
    ../clib/angel/kernel.s                   0x00000000   Number         0  __rtentry4.o ABSOLUTE
    ../clib/angel/kernel.s                   0x00000000   Number         0  rtexit.o ABSOLUTE
    ../clib/angel/kernel.s                   0x00000000   Number         0  __rtentry2.o ABSOLUTE
    ../clib/angel/kernel.s                   0x00000000   Number         0  rtexit2.o ABSOLUTE
    ../clib/angel/rt.s                       0x00000000   Number         0  rt_raise.o ABSOLUTE
    ../clib/angel/rt.s                       0x00000000   Number         0  rt_locale.o ABSOLUTE
    ../clib/angel/rt.s                       0x00000000   Number         0  rt_locale_intlibspace.o ABSOLUTE
    ../clib/angel/scatter.s                  0x00000000   Number         0  __scatter.o ABSOLUTE
    ../clib/angel/startup.s                  0x00000000   Number         0  __main.o ABSOLUTE
    ../clib/angel/sys.s                      0x00000000   Number         0  libspace.o ABSOLUTE
    ../clib/angel/sys.s                      0x00000000   Number         0  use_no_semi.o ABSOLUTE
    ../clib/angel/sys.s                      0x00000000   Number         0  indicate_semi.o ABSOLUTE
    ../clib/angel/sys.s                      0x00000000   Number         0  sys_stackheap_outer.o ABSOLUTE
    ../clib/angel/sysapp.c                   0x00000000   Number         0  sys_command.o ABSOLUTE
    ../clib/angel/sysapp.c                   0x00000000   Number         0  sys_wrch.o ABSOLUTE
    ../clib/angel/sysapp.c                   0x00000000   Number         0  sys_exit.o ABSOLUTE
    ../clib/armsys.c                         0x00000000   Number         0  argv_veneer.o ABSOLUTE
    ../clib/armsys.c                         0x00000000   Number         0  _get_argv_nomalloc.o ABSOLUTE
    ../clib/armsys.c                         0x00000000   Number         0  argv_veneer.o ABSOLUTE
    ../clib/armsys.c                         0x00000000   Number         0  no_argv.o ABSOLUTE
    ../clib/bigflt.c                         0x00000000   Number         0  bigflt0.o ABSOLUTE
    ../clib/btod.s                           0x00000000   Number         0  btod.o ABSOLUTE
    ../clib/heapalloc.c                      0x00000000   Number         0  hrguard.o ABSOLUTE
    ../clib/heapaux.c                        0x00000000   Number         0  heapauxi.o ABSOLUTE
    ../clib/libinit.s                        0x00000000   Number         0  libinit.o ABSOLUTE
    ../clib/libinit.s                        0x00000000   Number         0  libinit2.o ABSOLUTE
    ../clib/libinit.s                        0x00000000   Number         0  libshutdown2.o ABSOLUTE
    ../clib/libinit.s                        0x00000000   Number         0  libshutdown.o ABSOLUTE
    ../clib/locale.s                         0x00000000   Number         0  lc_numeric_c.o ABSOLUTE
    ../clib/longlong.s                       0x00000000   Number         0  lludiv10.o ABSOLUTE
    ../clib/memcpset.s                       0x00000000   Number         0  rt_memcpy_w.o ABSOLUTE
    ../clib/memcpset.s                       0x00000000   Number         0  strcmpv7m.o ABSOLUTE
    ../clib/misc.s                           0x00000000   Number         0  printf_stubs.o ABSOLUTE
    ../clib/printf.c                         0x00000000   Number         0  _sputc.o ABSOLUTE
    ../clib/printf.c                         0x00000000   Number         0  _printf_char_common.o ABSOLUTE
    ../clib/printf.c                         0x00000000   Number         0  __2sprintf.o ABSOLUTE
    ../clib/printf.c                         0x00000000   Number         0  noretval__2sprintf.o ABSOLUTE
    ../clib/printf.c                         0x00000000   Number         0  __printf.o ABSOLUTE
    ../clib/printf.c                         0x00000000   Number         0  __printf_flags.o ABSOLUTE
    ../clib/printf.c                         0x00000000   Number         0  _printf_fp_dec.o ABSOLUTE
    ../clib/printf.c                         0x00000000   Number         0  __printf_nopercent.o ABSOLUTE
    ../clib/printf.c                         0x00000000   Number         0  __printf_flags_ss.o ABSOLUTE
    ../clib/printf.c                         0x00000000   Number         0  __printf_wp.o ABSOLUTE
    ../clib/printf.c                         0x00000000   Number         0  __printf_flags_wp.o ABSOLUTE
    ../clib/printf.c                         0x00000000   Number         0  _printf_fp_infnan.o ABSOLUTE
    ../clib/printf.c                         0x00000000   Number         0  __printf_ss.o ABSOLUTE
    ../clib/printf.c                         0x00000000   Number         0  __printf_flags_ss_wp.o ABSOLUTE
    ../clib/printf.c                         0x00000000   Number         0  __printf_ss_wp.o ABSOLUTE
    ../clib/printf_percent.s                 0x00000000   Number         0  _printf_percent_end.o ABSOLUTE
    ../clib/printf_percent.s                 0x00000000   Number         0  _printf_percent.o ABSOLUTE
    ../clib/printf_percent.s                 0x00000000   Number         0  _printf_f.o ABSOLUTE
    ../clib/signal.c                         0x00000000   Number         0  defsig_rtmem_formal.o ABSOLUTE
    ../clib/signal.c                         0x00000000   Number         0  defsig_other.o ABSOLUTE
    ../clib/signal.c                         0x00000000   Number         0  defsig_segv_inner.o ABSOLUTE
    ../clib/signal.c                         0x00000000   Number         0  defsig_cppl_inner.o ABSOLUTE
    ../clib/signal.c                         0x00000000   Number         0  defsig_pvfn_inner.o ABSOLUTE
    ../clib/signal.c                         0x00000000   Number         0  defsig_stak_inner.o ABSOLUTE
    ../clib/signal.c                         0x00000000   Number         0  defsig_rtred_inner.o ABSOLUTE
    ../clib/signal.c                         0x00000000   Number         0  defsig_abrt_inner.o ABSOLUTE
    ../clib/signal.c                         0x00000000   Number         0  defsig_exit.o ABSOLUTE
    ../clib/signal.c                         0x00000000   Number         0  defsig_rtmem_inner.o ABSOLUTE
    ../clib/signal.c                         0x00000000   Number         0  defsig_rtmem_outer.o ABSOLUTE
    ../clib/signal.c                         0x00000000   Number         0  defsig_fpe_inner.o ABSOLUTE
    ../clib/signal.c                         0x00000000   Number         0  __raise.o ABSOLUTE
    ../clib/signal.c                         0x00000000   Number         0  defsig_general.o ABSOLUTE
    ../clib/signal.s                         0x00000000   Number         0  defsig.o ABSOLUTE
    ../clib/stdlib.c                         0x00000000   Number         0  exit.o ABSOLUTE
    ../fplib/daddsub.s                       0x00000000   Number         0  daddsub_clz.o ABSOLUTE
    ../fplib/ddiv.s                          0x00000000   Number         0  ddiv.o ABSOLUTE
    ../fplib/dflt.s                          0x00000000   Number         0  dflt_clz.o ABSOLUTE
    ../fplib/dmul.s                          0x00000000   Number         0  dmul.o ABSOLUTE
    ../fplib/dnaninf.s                       0x00000000   Number         0  dnaninf.o ABSOLUTE
    ../fplib/dretinf.s                       0x00000000   Number         0  dretinf.o ABSOLUTE
    ../fplib/f2d.s                           0x00000000   Number         0  f2d.o ABSOLUTE
    ../fplib/fnaninf.s                       0x00000000   Number         0  fnaninf.o ABSOLUTE
    ../fplib/fpinit.s                        0x00000000   Number         0  fpinit.o ABSOLUTE
    ../fplib/istatus.s                       0x00000000   Number         0  istatus.o ABSOLUTE
    ../fplib/printf1.s                       0x00000000   Number         0  printf1.o ABSOLUTE
    ../fplib/usenofp.s                       0x00000000   Number         0  usenofp.o ABSOLUTE
    ../mathlib/fpclassify.c                  0x00000000   Number         0  fpclassify.o ABSOLUTE
    ..\\cmsis\\core_cm3.c                    0x00000000   Number         0  core_cm3.o ABSOLUTE
    ..\cmsis\core_cm3.c                      0x00000000   Number         0  core_cm3.o ABSOLUTE
    ..\cmsis\startup_stm32f10x_md.s          0x00000000   Number         0  startup_stm32f10x_md.o ABSOLUTE
    ..\fwlib\src\misc.c                      0x00000000   Number         0  misc.o ABSOLUTE
    ..\fwlib\src\stm32f10x_adc.c             0x00000000   Number         0  stm32f10x_adc.o ABSOLUTE
    ..\fwlib\src\stm32f10x_bkp.c             0x00000000   Number         0  stm32f10x_bkp.o ABSOLUTE
    ..\fwlib\src\stm32f10x_exti.c            0x00000000   Number         0  stm32f10x_exti.o ABSOLUTE
    ..\fwlib\src\stm32f10x_gpio.c            0x00000000   Number         0  stm32f10x_gpio.o ABSOLUTE
    ..\fwlib\src\stm32f10x_iwdg.c            0x00000000   Number         0  stm32f10x_iwdg.o ABSOLUTE
    ..\fwlib\src\stm32f10x_pwr.c             0x00000000   Number         0  stm32f10x_pwr.o ABSOLUTE
    ..\fwlib\src\stm32f10x_rcc.c             0x00000000   Number         0  stm32f10x_rcc.o ABSOLUTE
    ..\fwlib\src\stm32f10x_rtc.c             0x00000000   Number         0  stm32f10x_rtc.o ABSOLUTE
    ..\fwlib\src\stm32f10x_usart.c           0x00000000   Number         0  stm32f10x_usart.o ABSOLUTE
    ..\mylib\adj_res.c                       0x00000000   Number         0  adj_res.o ABSOLUTE
    ..\mylib\button.c                        0x00000000   Number         0  button.o ABSOLUTE
    ..\mylib\buzzer.c                        0x00000000   Number         0  buzzer.o ABSOLUTE
    ..\mylib\delay.c                         0x00000000   Number         0  delay.o ABSOLUTE
    ..\mylib\dht.c                           0x00000000   Number         0  dht.o ABSOLUTE
    ..\mylib\eeprom.c                        0x00000000   Number         0  eeprom.o ABSOLUTE
    ..\mylib\eint.c                          0x00000000   Number         0  eint.o ABSOLUTE
    ..\mylib\gpio_iic.c                      0x00000000   Number         0  gpio_iic.o ABSOLUTE
    ..\mylib\iwdg.c                          0x00000000   Number         0  iwdg.o ABSOLUTE
    ..\mylib\ldt.c                           0x00000000   Number         0  ldt.o ABSOLUTE
    ..\mylib\led.c                           0x00000000   Number         0  led.o ABSOLUTE
    ..\mylib\nrf24l01.c                      0x00000000   Number         0  nrf24l01.o ABSOLUTE
    ..\mylib\oled.c                          0x00000000   Number         0  oled.o ABSOLUTE
    ..\mylib\rtc.c                           0x00000000   Number         0  rtc.o ABSOLUTE
    ..\mylib\sht.c                           0x00000000   Number         0  sht.o ABSOLUTE
    ..\mylib\usart1.c                        0x00000000   Number         0  usart1.o ABSOLUTE
    ..\user\main.c                           0x00000000   Number         0  main.o ABSOLUTE
    ..\user\stm32f10x_it.c                   0x00000000   Number         0  stm32f10x_it.o ABSOLUTE
    ..\user\system_stm32f10x.c               0x00000000   Number         0  system_stm32f10x.o ABSOLUTE
    dc.s                                     0x00000000   Number         0  dc.o ABSOLUTE
    RESET                                    0x08000000   Section      236  startup_stm32f10x_md.o(RESET)
    !!!main                                  0x080000ec   Section        8  __main.o(!!!main)
    !!!scatter                               0x080000f4   Section       52  __scatter.o(!!!scatter)
    !!handler_copy                           0x08000128   Section       26  __scatter_copy.o(!!handler_copy)
    !!handler_zi                             0x08000144   Section       28  __scatter_zi.o(!!handler_zi)
    .ARM.Collect$$_printf_percent$$00000000  0x08000160   Section        0  _printf_percent.o(.ARM.Collect$$_printf_percent$$00000000)
    .ARM.Collect$$_printf_percent$$00000003  0x08000160   Section        6  _printf_f.o(.ARM.Collect$$_printf_percent$$00000003)
    .ARM.Collect$$_printf_percent$$00000017  0x08000166   Section        4  _printf_percent_end.o(.ARM.Collect$$_printf_percent$$00000017)
    .ARM.Collect$$libinit$$00000000          0x0800016a   Section        2  libinit.o(.ARM.Collect$$libinit$$00000000)
    .ARM.Collect$$libinit$$00000002          0x0800016c   Section        0  libinit2.o(.ARM.Collect$$libinit$$00000002)
    .ARM.Collect$$libinit$$00000004          0x0800016c   Section        0  libinit2.o(.ARM.Collect$$libinit$$00000004)
    .ARM.Collect$$libinit$$0000000A          0x0800016c   Section        0  libinit2.o(.ARM.Collect$$libinit$$0000000A)
    .ARM.Collect$$libinit$$0000000C          0x0800016c   Section        0  libinit2.o(.ARM.Collect$$libinit$$0000000C)
    .ARM.Collect$$libinit$$0000000E          0x0800016c   Section        0  libinit2.o(.ARM.Collect$$libinit$$0000000E)
    .ARM.Collect$$libinit$$0000000F          0x0800016c   Section        6  libinit2.o(.ARM.Collect$$libinit$$0000000F)
    .ARM.Collect$$libinit$$00000011          0x08000172   Section        0  libinit2.o(.ARM.Collect$$libinit$$00000011)
    .ARM.Collect$$libinit$$00000013          0x08000172   Section        0  libinit2.o(.ARM.Collect$$libinit$$00000013)
    .ARM.Collect$$libinit$$00000015          0x08000172   Section        0  libinit2.o(.ARM.Collect$$libinit$$00000015)
    .ARM.Collect$$libinit$$00000016          0x08000172   Section       10  libinit2.o(.ARM.Collect$$libinit$$00000016)
    .ARM.Collect$$libinit$$00000017          0x0800017c   Section        0  libinit2.o(.ARM.Collect$$libinit$$00000017)
    .ARM.Collect$$libinit$$00000019          0x0800017c   Section        0  libinit2.o(.ARM.Collect$$libinit$$00000019)
    .ARM.Collect$$libinit$$0000001B          0x0800017c   Section        0  libinit2.o(.ARM.Collect$$libinit$$0000001B)
    .ARM.Collect$$libinit$$0000001D          0x0800017c   Section        0  libinit2.o(.ARM.Collect$$libinit$$0000001D)
    .ARM.Collect$$libinit$$0000001F          0x0800017c   Section        0  libinit2.o(.ARM.Collect$$libinit$$0000001F)
    .ARM.Collect$$libinit$$00000021          0x0800017c   Section        0  libinit2.o(.ARM.Collect$$libinit$$00000021)
    .ARM.Collect$$libinit$$00000023          0x0800017c   Section        0  libinit2.o(.ARM.Collect$$libinit$$00000023)
    .ARM.Collect$$libinit$$00000025          0x0800017c   Section        0  libinit2.o(.ARM.Collect$$libinit$$00000025)
    .ARM.Collect$$libinit$$0000002C          0x0800017c   Section        0  libinit2.o(.ARM.Collect$$libinit$$0000002C)
    .ARM.Collect$$libinit$$0000002E          0x0800017c   Section        0  libinit2.o(.ARM.Collect$$libinit$$0000002E)
    .ARM.Collect$$libinit$$00000030          0x0800017c   Section        0  libinit2.o(.ARM.Collect$$libinit$$00000030)
    .ARM.Collect$$libinit$$00000032          0x0800017c   Section        0  libinit2.o(.ARM.Collect$$libinit$$00000032)
    .ARM.Collect$$libinit$$00000033          0x0800017c   Section        2  libinit2.o(.ARM.Collect$$libinit$$00000033)
    .ARM.Collect$$libshutdown$$00000000      0x0800017e   Section        2  libshutdown.o(.ARM.Collect$$libshutdown$$00000000)
    .ARM.Collect$$libshutdown$$00000002      0x08000180   Section        0  libshutdown2.o(.ARM.Collect$$libshutdown$$00000002)
    .ARM.Collect$$libshutdown$$00000004      0x08000180   Section        0  libshutdown2.o(.ARM.Collect$$libshutdown$$00000004)
    .ARM.Collect$$libshutdown$$00000006      0x08000180   Section        0  libshutdown2.o(.ARM.Collect$$libshutdown$$00000006)
    .ARM.Collect$$libshutdown$$00000009      0x08000180   Section        0  libshutdown2.o(.ARM.Collect$$libshutdown$$00000009)
    .ARM.Collect$$libshutdown$$0000000C      0x08000180   Section        0  libshutdown2.o(.ARM.Collect$$libshutdown$$0000000C)
    .ARM.Collect$$libshutdown$$0000000E      0x08000180   Section        0  libshutdown2.o(.ARM.Collect$$libshutdown$$0000000E)
    .ARM.Collect$$libshutdown$$00000011      0x08000180   Section        0  libshutdown2.o(.ARM.Collect$$libshutdown$$00000011)
    .ARM.Collect$$libshutdown$$00000012      0x08000180   Section        2  libshutdown2.o(.ARM.Collect$$libshutdown$$00000012)
    .ARM.Collect$$rtentry$$00000000          0x08000182   Section        0  __rtentry.o(.ARM.Collect$$rtentry$$00000000)
    .ARM.Collect$$rtentry$$00000002          0x08000182   Section        0  __rtentry2.o(.ARM.Collect$$rtentry$$00000002)
    .ARM.Collect$$rtentry$$00000004          0x08000182   Section        6  __rtentry4.o(.ARM.Collect$$rtentry$$00000004)
    .ARM.Collect$$rtentry$$00000009          0x08000188   Section        0  __rtentry2.o(.ARM.Collect$$rtentry$$00000009)
    .ARM.Collect$$rtentry$$0000000A          0x08000188   Section        4  __rtentry2.o(.ARM.Collect$$rtentry$$0000000A)
    .ARM.Collect$$rtentry$$0000000C          0x0800018c   Section        0  __rtentry2.o(.ARM.Collect$$rtentry$$0000000C)
    .ARM.Collect$$rtentry$$0000000D          0x0800018c   Section        8  __rtentry2.o(.ARM.Collect$$rtentry$$0000000D)
    .ARM.Collect$$rtexit$$00000000           0x08000194   Section        2  rtexit.o(.ARM.Collect$$rtexit$$00000000)
    .ARM.Collect$$rtexit$$00000002           0x08000196   Section        0  rtexit2.o(.ARM.Collect$$rtexit$$00000002)
    .ARM.Collect$$rtexit$$00000003           0x08000196   Section        4  rtexit2.o(.ARM.Collect$$rtexit$$00000003)
    .ARM.Collect$$rtexit$$00000004           0x0800019a   Section        6  rtexit2.o(.ARM.Collect$$rtexit$$00000004)
    .text                                    0x080001a0   Section       64  startup_stm32f10x_md.o(.text)
    .text                                    0x080001e0   Section        0  noretval__2sprintf.o(.text)
    .text                                    0x08000208   Section        0  __printf_wp.o(.text)
    .text                                    0x08000316   Section        0  heapauxi.o(.text)
    .text                                    0x0800031c   Section        0  _printf_fp_dec.o(.text)
    _fp_digits                               0x0800031f   Thumb Code   432  _printf_fp_dec.o(.text)
    .text                                    0x0800073c   Section        0  _printf_char_common.o(.text)
    _printf_input_char                       0x0800073d   Thumb Code    10  _printf_char_common.o(.text)
    .text                                    0x0800076c   Section        0  _sputc.o(.text)
    .text                                    0x08000778   Section        8  rt_locale_intlibspace.o(.text)
    .text                                    0x08000780   Section      138  lludiv10.o(.text)
    .text                                    0x0800080c   Section        0  _printf_fp_infnan.o(.text)
    .text                                    0x0800088c   Section        0  bigflt0.o(.text)
    .text                                    0x08000970   Section        8  libspace.o(.text)
    .text                                    0x08000978   Section       74  sys_stackheap_outer.o(.text)
    .text                                    0x080009c2   Section        0  exit.o(.text)
    .text                                    0x080009d4   Section      128  strcmpv7m.o(.text)
    .text                                    0x08000a54   Section        0  sys_exit.o(.text)
    .text                                    0x08000a60   Section        2  use_no_semi.o(.text)
    .text                                    0x08000a62   Section        0  indicate_semi.o(.text)
    CL$$btod_d2e                             0x08000a62   Section       62  btod.o(CL$$btod_d2e)
    CL$$btod_d2e_denorm_low                  0x08000aa0   Section       70  btod.o(CL$$btod_d2e_denorm_low)
    CL$$btod_d2e_norm_op1                    0x08000ae6   Section       96  btod.o(CL$$btod_d2e_norm_op1)
    CL$$btod_div_common                      0x08000b46   Section      824  btod.o(CL$$btod_div_common)
    CL$$btod_e2e                             0x08000e7e   Section      220  btod.o(CL$$btod_e2e)
    CL$$btod_ediv                            0x08000f5a   Section       42  btod.o(CL$$btod_ediv)
    CL$$btod_emul                            0x08000f84   Section       42  btod.o(CL$$btod_emul)
    CL$$btod_mult_common                     0x08000fae   Section      580  btod.o(CL$$btod_mult_common)
    i.BusFault_Handler                       0x080011f2   Section        0  stm32f10x_it.o(i.BusFault_Handler)
    i.DebugMon_Handler                       0x080011f6   Section        0  stm32f10x_it.o(i.DebugMon_Handler)
    i.Delay                                  0x080011f8   Section        0  nrf24l01.o(i.Delay)
    i.EXTI9_5_IRQHandler                     0x0800120c   Section        0  eint.o(i.EXTI9_5_IRQHandler)
    i.EXTI_ClearITPendingBit                 0x0800124c   Section        0  stm32f10x_exti.o(i.EXTI_ClearITPendingBit)
    i.EXTI_GetITStatus                       0x08001258   Section        0  stm32f10x_exti.o(i.EXTI_GetITStatus)
    i.GPIO_Init                              0x08001280   Section        0  stm32f10x_gpio.o(i.GPIO_Init)
    i.GPIO_ReadInputDataBit                  0x08001396   Section        0  stm32f10x_gpio.o(i.GPIO_ReadInputDataBit)
    i.GPIO_ResetBits                         0x080013a8   Section        0  stm32f10x_gpio.o(i.GPIO_ResetBits)
    i.GPIO_SetBits                           0x080013ac   Section        0  stm32f10x_gpio.o(i.GPIO_SetBits)
    i.HardFault_Handler                      0x080013b0   Section        0  stm32f10x_it.o(i.HardFault_Handler)
    i.IIC_Init                               0x080013b4   Section        0  gpio_iic.o(i.IIC_Init)
    i.IIC_Sda_In                             0x08001420   Section        0  gpio_iic.o(i.IIC_Sda_In)
    i.IIC_Sda_Out                            0x08001434   Section        0  gpio_iic.o(i.IIC_Sda_Out)
    i.IIC_Send_Byte                          0x08001448   Section        0  gpio_iic.o(i.IIC_Send_Byte)
    i.IIC_Start                              0x08001498   Section        0  gpio_iic.o(i.IIC_Start)
    i.IIC_Stop                               0x080014d0   Section        0  gpio_iic.o(i.IIC_Stop)
    i.IIC_Wait_Ack                           0x0800150c   Section        0  gpio_iic.o(i.IIC_Wait_Ack)
    i.MemManage_Handler                      0x08001558   Section        0  stm32f10x_it.o(i.MemManage_Handler)
    i.NMI_Handler                            0x0800155c   Section        0  stm32f10x_it.o(i.NMI_Handler)
    i.NRF_Check                              0x08001560   Section        0  nrf24l01.o(i.NRF_Check)
    i.NRF_RX_Mode                            0x080015ac   Section        0  nrf24l01.o(i.NRF_RX_Mode)
    i.NRF_Rx_Dat                             0x08001614   Section        0  nrf24l01.o(i.NRF_Rx_Dat)
    i.OLED_Clear                             0x08001670   Section        0  oled.o(i.OLED_Clear)
    i.OLED_Init                              0x080016b0   Section        0  oled.o(i.OLED_Init)
    i.OLED_Set_Pos                           0x08001798   Section        0  oled.o(i.OLED_Set_Pos)
    i.OLED_ShowChar                          0x080017c4   Section        0  oled.o(i.OLED_ShowChar)
    i.OLED_ShowNum                           0x08001868   Section        0  oled.o(i.OLED_ShowNum)
    i.OLED_ShowString                        0x080018f0   Section        0  oled.o(i.OLED_ShowString)
    i.OLED_WR_Byte                           0x0800192a   Section        0  oled.o(i.OLED_WR_Byte)
    i.PendSV_Handler                         0x08001942   Section        0  stm32f10x_it.o(i.PendSV_Handler)
    i.RCC_APB2PeriphClockCmd                 0x08001944   Section        0  stm32f10x_rcc.o(i.RCC_APB2PeriphClockCmd)
    i.RTC_ClearITPendingBit                  0x08001964   Section        0  stm32f10x_rtc.o(i.RTC_ClearITPendingBit)
    i.RTC_GetCounter                         0x08001974   Section        0  stm32f10x_rtc.o(i.RTC_GetCounter)
    i.RTC_GetITStatus                        0x08001988   Section        0  stm32f10x_rtc.o(i.RTC_GetITStatus)
    i.RTC_IRQHandler                         0x080019ac   Section        0  rtc.o(i.RTC_IRQHandler)
    i.SPI2_For_Nrf24l01                      0x080019cc   Section        0  nrf24l01.o(i.SPI2_For_Nrf24l01)
    i.SPI_NRF_Init                           0x08001a80   Section        0  nrf24l01.o(i.SPI_NRF_Init)
    i.SPI_NRF_RW                             0x08001a94   Section        0  nrf24l01.o(i.SPI_NRF_RW)
    i.SPI_NRF_ReadBuf                        0x08001aec   Section        0  nrf24l01.o(i.SPI_NRF_ReadBuf)
    i.SPI_NRF_ReadReg                        0x08001b34   Section        0  nrf24l01.o(i.SPI_NRF_ReadReg)
    i.SPI_NRF_WriteBuf                       0x08001b68   Section        0  nrf24l01.o(i.SPI_NRF_WriteBuf)
    i.SPI_NRF_WriteReg                       0x08001bb0   Section        0  nrf24l01.o(i.SPI_NRF_WriteReg)
    i.SVC_Handler                            0x08001be4   Section        0  stm32f10x_it.o(i.SVC_Handler)
    i.SetSysClock                            0x08001be6   Section        0  system_stm32f10x.o(i.SetSysClock)
    SetSysClock                              0x08001be7   Thumb Code     8  system_stm32f10x.o(i.SetSysClock)
    i.SetSysClockTo72                        0x08001bf0   Section        0  system_stm32f10x.o(i.SetSysClockTo72)
    SetSysClockTo72                          0x08001bf1   Thumb Code   214  system_stm32f10x.o(i.SetSysClockTo72)
    i.SysTick_CLKSourceConfig                0x08001cd0   Section        0  misc.o(i.SysTick_CLKSourceConfig)
    i.SysTick_Handler                        0x08001cf8   Section        0  stm32f10x_it.o(i.SysTick_Handler)
    i.SystemInit                             0x08001cfc   Section        0  system_stm32f10x.o(i.SystemInit)
    i.USART1_IRQHandler                      0x08001d5c   Section        0  usart1.o(i.USART1_IRQHandler)
    i.USART_ClearITPendingBit                0x08001d90   Section        0  stm32f10x_usart.o(i.USART_ClearITPendingBit)
    i.USART_GetITStatus                      0x08001dae   Section        0  stm32f10x_usart.o(i.USART_GetITStatus)
    i.USART_ReceiveData                      0x08001e02   Section        0  stm32f10x_usart.o(i.USART_ReceiveData)
    i.UsageFault_Handler                     0x08001e0c   Section        0  stm32f10x_it.o(i.UsageFault_Handler)
    i.Write_IIC_Command                      0x08001e10   Section        0  oled.o(i.Write_IIC_Command)
    i.Write_IIC_Data                         0x08001e3c   Section        0  oled.o(i.Write_IIC_Data)
    i.__ARM_fpclassify                       0x08001e68   Section        0  fpclassify.o(i.__ARM_fpclassify)
    i._is_digit                              0x08001e90   Section        0  __printf_wp.o(i._is_digit)
    i.conv_time                              0x08001ea0   Section        0  rtc.o(i.conv_time)
    i.delay_init                             0x08001f88   Section        0  delay.o(i.delay_init)
    i.delay_ms                               0x08001fbc   Section        0  delay.o(i.delay_ms)
    i.delay_us                               0x08001ff4   Section        0  delay.o(i.delay_us)
    i.delay_xms                              0x08002040   Section        0  delay.o(i.delay_xms)
    i.isLeapYear                             0x0800208c   Section        0  rtc.o(i.isLeapYear)
    isLeapYear                               0x0800208d   Thumb Code    52  rtc.o(i.isLeapYear)
    i.led_init                               0x080020c0   Section        0  led.o(i.led_init)
    i.led_on                                 0x08002104   Section        0  led.o(i.led_on)
    i.main                                   0x08002134   Section        0  main.o(i.main)
    i.oled_pow                               0x080022a0   Section        0  oled.o(i.oled_pow)
    locale$$code                             0x080022b8   Section       44  lc_numeric_c.o(locale$$code)
    x$fpl$dretinf                            0x080022e4   Section       12  dretinf.o(x$fpl$dretinf)
    x$fpl$f2d                                0x080022f0   Section       86  f2d.o(x$fpl$f2d)
    x$fpl$fnaninf                            0x08002346   Section      140  fnaninf.o(x$fpl$fnaninf)
    x$fpl$printf1                            0x080023d2   Section        4  printf1.o(x$fpl$printf1)
    .constdata                               0x080023d6   Section     2072  oled.o(.constdata)
    x$fpl$usenofp                            0x080023d6   Section        0  usenofp.o(x$fpl$usenofp)
    .constdata                               0x08002bee   Section       12  rtc.o(.constdata)
    .constdata                               0x08002bfc   Section      148  bigflt0.o(.constdata)
    tenpwrs_x                                0x08002bfc   Data          60  bigflt0.o(.constdata)
    tenpwrs_i                                0x08002c38   Data          64  bigflt0.o(.constdata)
    locale$$data                             0x08002cb0   Section       28  lc_numeric_c.o(locale$$data)
    __lcnum_c_name                           0x08002cb4   Data           2  lc_numeric_c.o(locale$$data)
    __lcnum_c_start                          0x08002cbc   Data           0  lc_numeric_c.o(locale$$data)
    __lcnum_c_point                          0x08002cc8   Data           0  lc_numeric_c.o(locale$$data)
    __lcnum_c_thousands                      0x08002cca   Data           0  lc_numeric_c.o(locale$$data)
    __lcnum_c_grouping                       0x08002ccb   Data           0  lc_numeric_c.o(locale$$data)
    __lcnum_c_end                            0x08002ccc   Data           0  lc_numeric_c.o(locale$$data)
    .data                                    0x20000000   Section        4  delay.o(.data)
    fac_us                                   0x20000000   Data           1  delay.o(.data)
    fac_ms                                   0x20000002   Data           2  delay.o(.data)
    .data                                    0x20000004   Section        8  eint.o(.data)
    .data                                    0x2000000c   Section        4  usart1.o(.data)
    .data                                    0x20000010   Section       12  gpio_iic.o(.data)
    .bss                                     0x2000001c   Section       28  rtc.o(.bss)
    T                                        0x2000001c   Data          28  rtc.o(.bss)
    .bss                                     0x20000038   Section       96  libspace.o(.bss)
    HEAP                                     0x20000098   Section      512  startup_stm32f10x_md.o(HEAP)
    Heap_Mem                                 0x20000098   Data         512  startup_stm32f10x_md.o(HEAP)
    STACK                                    0x20000298   Section     1024  startup_stm32f10x_md.o(STACK)
    Stack_Mem                                0x20000298   Data        1024  startup_stm32f10x_md.o(STACK)
    __initial_sp                             0x20000698   Data           0  startup_stm32f10x_md.o(STACK)

    Global Symbols

    Symbol Name                              Value     Ov Type        Size  Object(Section)

    BuildAttributes$$THM_ISAv4$P$D$K$B$S$PE$A:L22UL41UL21$X:L11$S22US41US21$IEEE1$IW$USESV6$~STKCKD$USESV7$~SHL$OTIME$ROPI$IEEEJ$EBA8$UX$STANDARDLIB$REQ8$PRES8$EABIv2 0x00000000   Number         0  anon$$obj.o ABSOLUTE
    __ARM_use_no_argv                        0x00000000   Number         0  main.o ABSOLUTE
    _printf_flags                            0x00000000   Number         0  printf_stubs.o ABSOLUTE
    _printf_return_value                     0x00000000   Number         0  printf_stubs.o ABSOLUTE
    _printf_sizespec                         0x00000000   Number         0  printf_stubs.o ABSOLUTE
    _printf_widthprec                        0x00000000   Number         0  printf_stubs.o ABSOLUTE
    __ARM_exceptions_init                     - Undefined Weak Reference
    __alloca_initialize                       - Undefined Weak Reference
    __arm_fini_                               - Undefined Weak Reference
    __arm_preinit_                            - Undefined Weak Reference
    __cpp_initialize__aeabi_                  - Undefined Weak Reference
    __cxa_finalize                            - Undefined Weak Reference
    __sigvec_lookup                           - Undefined Weak Reference
    _atexit_init                              - Undefined Weak Reference
    _call_atexit_fns                          - Undefined Weak Reference
    _clock_init                               - Undefined Weak Reference
    _fp_trap_init                             - Undefined Weak Reference
    _fp_trap_shutdown                         - Undefined Weak Reference
    _get_lc_collate                           - Undefined Weak Reference
    _get_lc_ctype                             - Undefined Weak Reference
    _get_lc_monetary                          - Undefined Weak Reference
    _get_lc_time                              - Undefined Weak Reference
    _getenv_init                              - Undefined Weak Reference
    _handle_redirection                       - Undefined Weak Reference
    _init_alloc                               - Undefined Weak Reference
    _init_user_alloc                          - Undefined Weak Reference
    _initio                                   - Undefined Weak Reference
    _printf_post_padding                      - Undefined Weak Reference
    _printf_pre_padding                       - Undefined Weak Reference
    _rand_init                                - Undefined Weak Reference
    _signal_finish                            - Undefined Weak Reference
    _signal_init                              - Undefined Weak Reference
    _terminate_alloc                          - Undefined Weak Reference
    _terminate_user_alloc                     - Undefined Weak Reference
    _terminateio                              - Undefined Weak Reference
    __Vectors_Size                           0x000000ec   Number         0  startup_stm32f10x_md.o ABSOLUTE
    __Vectors                                0x08000000   Data           4  startup_stm32f10x_md.o(RESET)
    __Vectors_End                            0x080000ec   Data           0  startup_stm32f10x_md.o(RESET)
    __main                                   0x080000ed   Thumb Code     8  __main.o(!!!main)
    __scatterload                            0x080000f5   Thumb Code     0  __scatter.o(!!!scatter)
    __scatterload_rt2                        0x080000f5   Thumb Code    44  __scatter.o(!!!scatter)
    __scatterload_rt2_thumb_only             0x080000f5   Thumb Code     0  __scatter.o(!!!scatter)
    __scatterload_null                       0x08000103   Thumb Code     0  __scatter.o(!!!scatter)
    __scatterload_copy                       0x08000129   Thumb Code    26  __scatter_copy.o(!!handler_copy)
    __scatterload_zeroinit                   0x08000145   Thumb Code    28  __scatter_zi.o(!!handler_zi)
    _printf_f                                0x08000161   Thumb Code     0  _printf_f.o(.ARM.Collect$$_printf_percent$$00000003)
    _printf_percent                          0x08000161   Thumb Code     0  _printf_percent.o(.ARM.Collect$$_printf_percent$$00000000)
    _printf_percent_end                      0x08000167   Thumb Code     0  _printf_percent_end.o(.ARM.Collect$$_printf_percent$$00000017)
    __rt_lib_init                            0x0800016b   Thumb Code     0  libinit.o(.ARM.Collect$$libinit$$00000000)
    __rt_lib_init_fp_1                       0x0800016d   Thumb Code     0  libinit2.o(.ARM.Collect$$libinit$$00000002)
    __rt_lib_init_heap_1                     0x0800016d   Thumb Code     0  libinit2.o(.ARM.Collect$$libinit$$0000000A)
    __rt_lib_init_lc_common                  0x0800016d   Thumb Code     0  libinit2.o(.ARM.Collect$$libinit$$0000000F)
    __rt_lib_init_preinit_1                  0x0800016d   Thumb Code     0  libinit2.o(.ARM.Collect$$libinit$$00000004)
    __rt_lib_init_rand_1                     0x0800016d   Thumb Code     0  libinit2.o(.ARM.Collect$$libinit$$0000000E)
    __rt_lib_init_user_alloc_1               0x0800016d   Thumb Code     0  libinit2.o(.ARM.Collect$$libinit$$0000000C)
    __rt_lib_init_lc_collate_1               0x08000173   Thumb Code     0  libinit2.o(.ARM.Collect$$libinit$$00000011)
    __rt_lib_init_lc_ctype_1                 0x08000173   Thumb Code     0  libinit2.o(.ARM.Collect$$libinit$$00000013)
    __rt_lib_init_lc_monetary_1              0x08000173   Thumb Code     0  libinit2.o(.ARM.Collect$$libinit$$00000015)
    __rt_lib_init_lc_numeric_2               0x08000173   Thumb Code     0  libinit2.o(.ARM.Collect$$libinit$$00000016)
    __rt_lib_init_alloca_1                   0x0800017d   Thumb Code     0  libinit2.o(.ARM.Collect$$libinit$$0000002E)
    __rt_lib_init_argv_1                     0x0800017d   Thumb Code     0  libinit2.o(.ARM.Collect$$libinit$$0000002C)
    __rt_lib_init_atexit_1                   0x0800017d   Thumb Code     0  libinit2.o(.ARM.Collect$$libinit$$0000001B)
    __rt_lib_init_clock_1                    0x0800017d   Thumb Code     0  libinit2.o(.ARM.Collect$$libinit$$00000021)
    __rt_lib_init_cpp_1                      0x0800017d   Thumb Code     0  libinit2.o(.ARM.Collect$$libinit$$00000032)
    __rt_lib_init_exceptions_1               0x0800017d   Thumb Code     0  libinit2.o(.ARM.Collect$$libinit$$00000030)
    __rt_lib_init_fp_trap_1                  0x0800017d   Thumb Code     0  libinit2.o(.ARM.Collect$$libinit$$0000001F)
    __rt_lib_init_getenv_1                   0x0800017d   Thumb Code     0  libinit2.o(.ARM.Collect$$libinit$$00000023)
    __rt_lib_init_lc_numeric_1               0x0800017d   Thumb Code     0  libinit2.o(.ARM.Collect$$libinit$$00000017)
    __rt_lib_init_lc_time_1                  0x0800017d   Thumb Code     0  libinit2.o(.ARM.Collect$$libinit$$00000019)
    __rt_lib_init_return                     0x0800017d   Thumb Code     0  libinit2.o(.ARM.Collect$$libinit$$00000033)
    __rt_lib_init_signal_1                   0x0800017d   Thumb Code     0  libinit2.o(.ARM.Collect$$libinit$$0000001D)
    __rt_lib_init_stdio_1                    0x0800017d   Thumb Code     0  libinit2.o(.ARM.Collect$$libinit$$00000025)
    __rt_lib_shutdown                        0x0800017f   Thumb Code     0  libshutdown.o(.ARM.Collect$$libshutdown$$00000000)
    __rt_lib_shutdown_cpp_1                  0x08000181   Thumb Code     0  libshutdown2.o(.ARM.Collect$$libshutdown$$00000004)
    __rt_lib_shutdown_fini_1                 0x08000181   Thumb Code     0  libshutdown2.o(.ARM.Collect$$libshutdown$$00000002)
    __rt_lib_shutdown_fp_trap_1              0x08000181   Thumb Code     0  libshutdown2.o(.ARM.Collect$$libshutdown$$00000009)
    __rt_lib_shutdown_heap_1                 0x08000181   Thumb Code     0  libshutdown2.o(.ARM.Collect$$libshutdown$$00000011)
    __rt_lib_shutdown_return                 0x08000181   Thumb Code     0  libshutdown2.o(.ARM.Collect$$libshutdown$$00000012)
    __rt_lib_shutdown_signal_1               0x08000181   Thumb Code     0  libshutdown2.o(.ARM.Collect$$libshutdown$$0000000C)
    __rt_lib_shutdown_stdio_1                0x08000181   Thumb Code     0  libshutdown2.o(.ARM.Collect$$libshutdown$$00000006)
    __rt_lib_shutdown_user_alloc_1           0x08000181   Thumb Code     0  libshutdown2.o(.ARM.Collect$$libshutdown$$0000000E)
    __rt_entry                               0x08000183   Thumb Code     0  __rtentry.o(.ARM.Collect$$rtentry$$00000000)
    __rt_entry_presh_1                       0x08000183   Thumb Code     0  __rtentry2.o(.ARM.Collect$$rtentry$$00000002)
    __rt_entry_sh                            0x08000183   Thumb Code     0  __rtentry4.o(.ARM.Collect$$rtentry$$00000004)
    __rt_entry_li                            0x08000189   Thumb Code     0  __rtentry2.o(.ARM.Collect$$rtentry$$0000000A)
    __rt_entry_postsh_1                      0x08000189   Thumb Code     0  __rtentry2.o(.ARM.Collect$$rtentry$$00000009)
    __rt_entry_main                          0x0800018d   Thumb Code     0  __rtentry2.o(.ARM.Collect$$rtentry$$0000000D)
    __rt_entry_postli_1                      0x0800018d   Thumb Code     0  __rtentry2.o(.ARM.Collect$$rtentry$$0000000C)
    __rt_exit                                0x08000195   Thumb Code     0  rtexit.o(.ARM.Collect$$rtexit$$00000000)
    __rt_exit_ls                             0x08000197   Thumb Code     0  rtexit2.o(.ARM.Collect$$rtexit$$00000003)
    __rt_exit_prels_1                        0x08000197   Thumb Code     0  rtexit2.o(.ARM.Collect$$rtexit$$00000002)
    __rt_exit_exit                           0x0800019b   Thumb Code     0  rtexit2.o(.ARM.Collect$$rtexit$$00000004)
    Reset_Handler                            0x080001a1   Thumb Code     8  startup_stm32f10x_md.o(.text)
    ADC1_2_IRQHandler                        0x080001bb   Thumb Code     0  startup_stm32f10x_md.o(.text)
    CAN1_RX1_IRQHandler                      0x080001bb   Thumb Code     0  startup_stm32f10x_md.o(.text)
    CAN1_SCE_IRQHandler                      0x080001bb   Thumb Code     0  startup_stm32f10x_md.o(.text)
    DMA1_Channel1_IRQHandler                 0x080001bb   Thumb Code     0  startup_stm32f10x_md.o(.text)
    DMA1_Channel2_IRQHandler                 0x080001bb   Thumb Code     0  startup_stm32f10x_md.o(.text)
    DMA1_Channel3_IRQHandler                 0x080001bb   Thumb Code     0  startup_stm32f10x_md.o(.text)
    DMA1_Channel4_IRQHandler                 0x080001bb   Thumb Code     0  startup_stm32f10x_md.o(.text)
    DMA1_Channel5_IRQHandler                 0x080001bb   Thumb Code     0  startup_stm32f10x_md.o(.text)
    DMA1_Channel6_IRQHandler                 0x080001bb   Thumb Code     0  startup_stm32f10x_md.o(.text)
    DMA1_Channel7_IRQHandler                 0x080001bb   Thumb Code     0  startup_stm32f10x_md.o(.text)
    EXTI0_IRQHandler                         0x080001bb   Thumb Code     0  startup_stm32f10x_md.o(.text)
    EXTI15_10_IRQHandler                     0x080001bb   Thumb Code     0  startup_stm32f10x_md.o(.text)
    EXTI1_IRQHandler                         0x080001bb   Thumb Code     0  startup_stm32f10x_md.o(.text)
    EXTI2_IRQHandler                         0x080001bb   Thumb Code     0  startup_stm32f10x_md.o(.text)
    EXTI3_IRQHandler                         0x080001bb   Thumb Code     0  startup_stm32f10x_md.o(.text)
    EXTI4_IRQHandler                         0x080001bb   Thumb Code     0  startup_stm32f10x_md.o(.text)
    FLASH_IRQHandler                         0x080001bb   Thumb Code     0  startup_stm32f10x_md.o(.text)
    I2C1_ER_IRQHandler                       0x080001bb   Thumb Code     0  startup_stm32f10x_md.o(.text)
    I2C1_EV_IRQHandler                       0x080001bb   Thumb Code     0  startup_stm32f10x_md.o(.text)
    I2C2_ER_IRQHandler                       0x080001bb   Thumb Code     0  startup_stm32f10x_md.o(.text)
    I2C2_EV_IRQHandler                       0x080001bb   Thumb Code     0  startup_stm32f10x_md.o(.text)
    PVD_IRQHandler                           0x080001bb   Thumb Code     0  startup_stm32f10x_md.o(.text)
    RCC_IRQHandler                           0x080001bb   Thumb Code     0  startup_stm32f10x_md.o(.text)
    RTCAlarm_IRQHandler                      0x080001bb   Thumb Code     0  startup_stm32f10x_md.o(.text)
    SPI1_IRQHandler                          0x080001bb   Thumb Code     0  startup_stm32f10x_md.o(.text)
    SPI2_IRQHandler                          0x080001bb   Thumb Code     0  startup_stm32f10x_md.o(.text)
    TAMPER_IRQHandler                        0x080001bb   Thumb Code     0  startup_stm32f10x_md.o(.text)
    TIM1_BRK_IRQHandler                      0x080001bb   Thumb Code     0  startup_stm32f10x_md.o(.text)
    TIM1_CC_IRQHandler                       0x080001bb   Thumb Code     0  startup_stm32f10x_md.o(.text)
    TIM1_TRG_COM_IRQHandler                  0x080001bb   Thumb Code     0  startup_stm32f10x_md.o(.text)
    TIM1_UP_IRQHandler                       0x080001bb   Thumb Code     0  startup_stm32f10x_md.o(.text)
    TIM2_IRQHandler                          0x080001bb   Thumb Code     0  startup_stm32f10x_md.o(.text)
    TIM3_IRQHandler                          0x080001bb   Thumb Code     0  startup_stm32f10x_md.o(.text)
    TIM4_IRQHandler                          0x080001bb   Thumb Code     0  startup_stm32f10x_md.o(.text)
    USART2_IRQHandler                        0x080001bb   Thumb Code     0  startup_stm32f10x_md.o(.text)
    USART3_IRQHandler                        0x080001bb   Thumb Code     0  startup_stm32f10x_md.o(.text)
    USBWakeUp_IRQHandler                     0x080001bb   Thumb Code     0  startup_stm32f10x_md.o(.text)
    USB_HP_CAN1_TX_IRQHandler                0x080001bb   Thumb Code     0  startup_stm32f10x_md.o(.text)
    USB_LP_CAN1_RX0_IRQHandler               0x080001bb   Thumb Code     0  startup_stm32f10x_md.o(.text)
    WWDG_IRQHandler                          0x080001bb   Thumb Code     0  startup_stm32f10x_md.o(.text)
    __user_initial_stackheap                 0x080001bd   Thumb Code     0  startup_stm32f10x_md.o(.text)
    __2sprintf                               0x080001e1   Thumb Code    34  noretval__2sprintf.o(.text)
    __printf                                 0x08000209   Thumb Code   270  __printf_wp.o(.text)
    __use_two_region_memory                  0x08000317   Thumb Code     2  heapauxi.o(.text)
    __rt_heap_escrow$2region                 0x08000319   Thumb Code     2  heapauxi.o(.text)
    __rt_heap_expand$2region                 0x0800031b   Thumb Code     2  heapauxi.o(.text)
    __lib_sel_fp_printf                      0x0800031d   Thumb Code     2  _printf_fp_dec.o(.text)
    _printf_fp_dec_real                      0x080004cf   Thumb Code   620  _printf_fp_dec.o(.text)
    _printf_char_common                      0x08000747   Thumb Code    32  _printf_char_common.o(.text)
    _sputc                                   0x0800076d   Thumb Code    10  _sputc.o(.text)
    __rt_locale                              0x08000779   Thumb Code     8  rt_locale_intlibspace.o(.text)
    _ll_udiv10                               0x08000781   Thumb Code   138  lludiv10.o(.text)
    _printf_fp_infnan                        0x0800080d   Thumb Code   112  _printf_fp_infnan.o(.text)
    _btod_etento                             0x0800088d   Thumb Code   224  bigflt0.o(.text)
    __user_libspace                          0x08000971   Thumb Code     8  libspace.o(.text)
    __user_perproc_libspace                  0x08000971   Thumb Code     0  libspace.o(.text)
    __user_perthread_libspace                0x08000971   Thumb Code     0  libspace.o(.text)
    __user_setup_stackheap                   0x08000979   Thumb Code    74  sys_stackheap_outer.o(.text)
    exit                                     0x080009c3   Thumb Code    18  exit.o(.text)
    strcmp                                   0x080009d5   Thumb Code   128  strcmpv7m.o(.text)
    _sys_exit                                0x08000a55   Thumb Code     8  sys_exit.o(.text)
    __I$use$semihosting                      0x08000a61   Thumb Code     0  use_no_semi.o(.text)
    __use_no_semihosting_swi                 0x08000a61   Thumb Code     2  use_no_semi.o(.text)
    __semihosting_library_function           0x08000a63   Thumb Code     0  indicate_semi.o(.text)
    _btod_d2e                                0x08000a63   Thumb Code    62  btod.o(CL$$btod_d2e)
    _d2e_denorm_low                          0x08000aa1   Thumb Code    70  btod.o(CL$$btod_d2e_denorm_low)
    _d2e_norm_op1                            0x08000ae7   Thumb Code    96  btod.o(CL$$btod_d2e_norm_op1)
    __btod_div_common                        0x08000b47   Thumb Code   696  btod.o(CL$$btod_div_common)
    _e2e                                     0x08000e7f   Thumb Code   220  btod.o(CL$$btod_e2e)
    _btod_ediv                               0x08000f5b   Thumb Code    42  btod.o(CL$$btod_ediv)
    _btod_emul                               0x08000f85   Thumb Code    42  btod.o(CL$$btod_emul)
    __btod_mult_common                       0x08000faf   Thumb Code   580  btod.o(CL$$btod_mult_common)
    BusFault_Handler                         0x080011f3   Thumb Code     4  stm32f10x_it.o(i.BusFault_Handler)
    DebugMon_Handler                         0x080011f7   Thumb Code     2  stm32f10x_it.o(i.DebugMon_Handler)
    Delay                                    0x080011f9   Thumb Code    18  nrf24l01.o(i.Delay)
    EXTI9_5_IRQHandler                       0x0800120d   Thumb Code    56  eint.o(i.EXTI9_5_IRQHandler)
    EXTI_ClearITPendingBit                   0x0800124d   Thumb Code     6  stm32f10x_exti.o(i.EXTI_ClearITPendingBit)
    EXTI_GetITStatus                         0x08001259   Thumb Code    34  stm32f10x_exti.o(i.EXTI_GetITStatus)
    GPIO_Init                                0x08001281   Thumb Code   278  stm32f10x_gpio.o(i.GPIO_Init)
    GPIO_ReadInputDataBit                    0x08001397   Thumb Code    18  stm32f10x_gpio.o(i.GPIO_ReadInputDataBit)
    GPIO_ResetBits                           0x080013a9   Thumb Code     4  stm32f10x_gpio.o(i.GPIO_ResetBits)
    GPIO_SetBits                             0x080013ad   Thumb Code     4  stm32f10x_gpio.o(i.GPIO_SetBits)
    HardFault_Handler                        0x080013b1   Thumb Code     4  stm32f10x_it.o(i.HardFault_Handler)
    IIC_Init                                 0x080013b5   Thumb Code    82  gpio_iic.o(i.IIC_Init)
    IIC_Sda_In                               0x08001421   Thumb Code    12  gpio_iic.o(i.IIC_Sda_In)
    IIC_Sda_Out                              0x08001435   Thumb Code    12  gpio_iic.o(i.IIC_Sda_Out)
    IIC_Send_Byte                            0x08001449   Thumb Code    70  gpio_iic.o(i.IIC_Send_Byte)
    IIC_Start                                0x08001499   Thumb Code    46  gpio_iic.o(i.IIC_Start)
    IIC_Stop                                 0x080014d1   Thumb Code    50  gpio_iic.o(i.IIC_Stop)
    IIC_Wait_Ack                             0x0800150d   Thumb Code    68  gpio_iic.o(i.IIC_Wait_Ack)
    MemManage_Handler                        0x08001559   Thumb Code     4  stm32f10x_it.o(i.MemManage_Handler)
    NMI_Handler                              0x0800155d   Thumb Code     2  stm32f10x_it.o(i.NMI_Handler)
    NRF_Check                                0x08001561   Thumb Code    68  nrf24l01.o(i.NRF_Check)
    NRF_RX_Mode                              0x080015ad   Thumb Code   100  nrf24l01.o(i.NRF_RX_Mode)
    NRF_Rx_Dat                               0x08001615   Thumb Code    84  nrf24l01.o(i.NRF_Rx_Dat)
    OLED_Clear                               0x08001671   Thumb Code    64  oled.o(i.OLED_Clear)
    OLED_Init                                0x080016b1   Thumb Code   232  oled.o(i.OLED_Init)
    OLED_Set_Pos                             0x08001799   Thumb Code    42  oled.o(i.OLED_Set_Pos)
    OLED_ShowChar                            0x080017c5   Thumb Code   154  oled.o(i.OLED_ShowChar)
    OLED_ShowNum                             0x08001869   Thumb Code   136  oled.o(i.OLED_ShowNum)
    OLED_ShowString                          0x080018f1   Thumb Code    58  oled.o(i.OLED_ShowString)
    OLED_WR_Byte                             0x0800192b   Thumb Code    24  oled.o(i.OLED_WR_Byte)
    PendSV_Handler                           0x08001943   Thumb Code     2  stm32f10x_it.o(i.PendSV_Handler)
    RCC_APB2PeriphClockCmd                   0x08001945   Thumb Code    26  stm32f10x_rcc.o(i.RCC_APB2PeriphClockCmd)
    RTC_ClearITPendingBit                    0x08001965   Thumb Code    12  stm32f10x_rtc.o(i.RTC_ClearITPendingBit)
    RTC_GetCounter                           0x08001975   Thumb Code    16  stm32f10x_rtc.o(i.RTC_GetCounter)
    RTC_GetITStatus                          0x08001989   Thumb Code    32  stm32f10x_rtc.o(i.RTC_GetITStatus)
    RTC_IRQHandler                           0x080019ad   Thumb Code    26  rtc.o(i.RTC_IRQHandler)
    SPI2_For_Nrf24l01                        0x080019cd   Thumb Code   170  nrf24l01.o(i.SPI2_For_Nrf24l01)
    SPI_NRF_Init                             0x08001a81   Thumb Code    16  nrf24l01.o(i.SPI_NRF_Init)
    SPI_NRF_RW                               0x08001a95   Thumb Code    82  nrf24l01.o(i.SPI_NRF_RW)
    SPI_NRF_ReadBuf                          0x08001aed   Thumb Code    68  nrf24l01.o(i.SPI_NRF_ReadBuf)
    SPI_NRF_ReadReg                          0x08001b35   Thumb Code    46  nrf24l01.o(i.SPI_NRF_ReadReg)
    SPI_NRF_WriteBuf                         0x08001b69   Thumb Code    68  nrf24l01.o(i.SPI_NRF_WriteBuf)
    SPI_NRF_WriteReg                         0x08001bb1   Thumb Code    48  nrf24l01.o(i.SPI_NRF_WriteReg)
    SVC_Handler                              0x08001be5   Thumb Code     2  stm32f10x_it.o(i.SVC_Handler)
    SysTick_CLKSourceConfig                  0x08001cd1   Thumb Code    40  misc.o(i.SysTick_CLKSourceConfig)
    SysTick_Handler                          0x08001cf9   Thumb Code     2  stm32f10x_it.o(i.SysTick_Handler)
    SystemInit                               0x08001cfd   Thumb Code    78  system_stm32f10x.o(i.SystemInit)
    USART1_IRQHandler                        0x08001d5d   Thumb Code    44  usart1.o(i.USART1_IRQHandler)
    USART_ClearITPendingBit                  0x08001d91   Thumb Code    30  stm32f10x_usart.o(i.USART_ClearITPendingBit)
    USART_GetITStatus                        0x08001daf   Thumb Code    84  stm32f10x_usart.o(i.USART_GetITStatus)
    USART_ReceiveData                        0x08001e03   Thumb Code    10  stm32f10x_usart.o(i.USART_ReceiveData)
    UsageFault_Handler                       0x08001e0d   Thumb Code     4  stm32f10x_it.o(i.UsageFault_Handler)
    Write_IIC_Command                        0x08001e11   Thumb Code    44  oled.o(i.Write_IIC_Command)
    Write_IIC_Data                           0x08001e3d   Thumb Code    44  oled.o(i.Write_IIC_Data)
    __ARM_fpclassify                         0x08001e69   Thumb Code    40  fpclassify.o(i.__ARM_fpclassify)
    _is_digit                                0x08001e91   Thumb Code    14  __printf_wp.o(i._is_digit)
    conv_time                                0x08001ea1   Thumb Code   224  rtc.o(i.conv_time)
    delay_init                               0x08001f89   Thumb Code    42  delay.o(i.delay_init)
    delay_ms                                 0x08001fbd   Thumb Code    56  delay.o(i.delay_ms)
    delay_us                                 0x08001ff5   Thumb Code    72  delay.o(i.delay_us)
    delay_xms                                0x08002041   Thumb Code    72  delay.o(i.delay_xms)
    led_init                                 0x080020c1   Thumb Code    56  led.o(i.led_init)
    led_on                                   0x08002105   Thumb Code    44  led.o(i.led_on)
    main                                     0x08002135   Thumb Code   260  main.o(i.main)
    oled_pow                                 0x080022a1   Thumb Code    22  oled.o(i.oled_pow)
    _get_lc_numeric                          0x080022b9   Thumb Code    44  lc_numeric_c.o(locale$$code)
    __fpl_dretinf                            0x080022e5   Thumb Code    12  dretinf.o(x$fpl$dretinf)
    __aeabi_f2d                              0x080022f1   Thumb Code     0  f2d.o(x$fpl$f2d)
    _f2d                                     0x080022f1   Thumb Code    86  f2d.o(x$fpl$f2d)
    __fpl_fnaninf                            0x08002347   Thumb Code   140  fnaninf.o(x$fpl$fnaninf)
    _printf_fp_dec                           0x080023d3   Thumb Code     4  printf1.o(x$fpl$printf1)
    F6x8                                     0x080023d6   Data         552  oled.o(.constdata)
    __I$use$fp                               0x080023d6   Number         0  usenofp.o(x$fpl$usenofp)
    F8X16                                    0x080025fe   Data        1520  oled.o(.constdata)
    monthTable                               0x08002bee   Data          12  rtc.o(.constdata)
    Region$$Table$$Base                      0x08002c90   Number         0  anon$$obj.o(Region$$Table)
    Region$$Table$$Limit                     0x08002cb0   Number         0  anon$$obj.o(Region$$Table)
    e_h0                                     0x20000004   Data           4  eint.o(.data)
    e_h1                                     0x20000008   Data           4  eint.o(.data)
    u1_h                                     0x2000000c   Data           4  usart1.o(.data)
    GPIO_InitForSCL                          0x20000010   Data           4  gpio_iic.o(.data)
    GPIO_InitForSDAOut                       0x20000014   Data           4  gpio_iic.o(.data)
    GPIO_InitForSDAIn                        0x20000018   Data           4  gpio_iic.o(.data)
    __libspace_start                         0x20000038   Data          96  libspace.o(.bss)
    __temporary_stack_top$libspace           0x20000098   Data           0  libspace.o(.bss)



==============================================================================

Memory Map of the image

  Image Entry point : 0x080001a1

  Load Region LR_1 (Base: 0x08000000, Size: 0x00002ce8, Max: 0xffffffff, ABSOLUTE)

    Execution Region ER_RO (Exec base: 0x08000000, Load base: 0x08000000, Size: 0x00002ccc, Max: 0xffffffff, ABSOLUTE)

    Exec Addr    Load Addr    Size         Type   Attr      Idx    E Section Name        Object

    0x08000000   0x08000000   0x000000ec   Data   RO           19    RESET               startup_stm32f10x_md.o
    0x080000ec   0x080000ec   0x00000008   Code   RO         2153  * !!!main             c_w.l(__main.o)
    0x080000f4   0x080000f4   0x00000034   Code   RO         2393    !!!scatter          c_w.l(__scatter.o)
    0x08000128   0x08000128   0x0000001a   Code   RO         2395    !!handler_copy      c_w.l(__scatter_copy.o)
    0x08000142   0x08000142   0x00000002   PAD
    0x08000144   0x08000144   0x0000001c   Code   RO         2397    !!handler_zi        c_w.l(__scatter_zi.o)
    0x08000160   0x08000160   0x00000000   Code   RO         2148    .ARM.Collect$$_printf_percent$$00000000  c_w.l(_printf_percent.o)
    0x08000160   0x08000160   0x00000006   Code   RO         2147    .ARM.Collect$$_printf_percent$$00000003  c_w.l(_printf_f.o)
    0x08000166   0x08000166   0x00000004   Code   RO         2184    .ARM.Collect$$_printf_percent$$00000017  c_w.l(_printf_percent_end.o)
    0x0800016a   0x0800016a   0x00000002   Code   RO         2264    .ARM.Collect$$libinit$$00000000  c_w.l(libinit.o)
    0x0800016c   0x0800016c   0x00000000   Code   RO         2266    .ARM.Collect$$libinit$$00000002  c_w.l(libinit2.o)
    0x0800016c   0x0800016c   0x00000000   Code   RO         2268    .ARM.Collect$$libinit$$00000004  c_w.l(libinit2.o)
    0x0800016c   0x0800016c   0x00000000   Code   RO         2271    .ARM.Collect$$libinit$$0000000A  c_w.l(libinit2.o)
    0x0800016c   0x0800016c   0x00000000   Code   RO         2273    .ARM.Collect$$libinit$$0000000C  c_w.l(libinit2.o)
    0x0800016c   0x0800016c   0x00000000   Code   RO         2275    .ARM.Collect$$libinit$$0000000E  c_w.l(libinit2.o)
    0x0800016c   0x0800016c   0x00000006   Code   RO         2276    .ARM.Collect$$libinit$$0000000F  c_w.l(libinit2.o)
    0x08000172   0x08000172   0x00000000   Code   RO         2278    .ARM.Collect$$libinit$$00000011  c_w.l(libinit2.o)
    0x08000172   0x08000172   0x00000000   Code   RO         2280    .ARM.Collect$$libinit$$00000013  c_w.l(libinit2.o)
    0x08000172   0x08000172   0x00000000   Code   RO         2282    .ARM.Collect$$libinit$$00000015  c_w.l(libinit2.o)
    0x08000172   0x08000172   0x0000000a   Code   RO         2283    .ARM.Collect$$libinit$$00000016  c_w.l(libinit2.o)
    0x0800017c   0x0800017c   0x00000000   Code   RO         2284    .ARM.Collect$$libinit$$00000017  c_w.l(libinit2.o)
    0x0800017c   0x0800017c   0x00000000   Code   RO         2286    .ARM.Collect$$libinit$$00000019  c_w.l(libinit2.o)
    0x0800017c   0x0800017c   0x00000000   Code   RO         2288    .ARM.Collect$$libinit$$0000001B  c_w.l(libinit2.o)
    0x0800017c   0x0800017c   0x00000000   Code   RO         2290    .ARM.Collect$$libinit$$0000001D  c_w.l(libinit2.o)
    0x0800017c   0x0800017c   0x00000000   Code   RO         2292    .ARM.Collect$$libinit$$0000001F  c_w.l(libinit2.o)
    0x0800017c   0x0800017c   0x00000000   Code   RO         2294    .ARM.Collect$$libinit$$00000021  c_w.l(libinit2.o)
    0x0800017c   0x0800017c   0x00000000   Code   RO         2296    .ARM.Collect$$libinit$$00000023  c_w.l(libinit2.o)
    0x0800017c   0x0800017c   0x00000000   Code   RO         2298    .ARM.Collect$$libinit$$00000025  c_w.l(libinit2.o)
    0x0800017c   0x0800017c   0x00000000   Code   RO         2302    .ARM.Collect$$libinit$$0000002C  c_w.l(libinit2.o)
    0x0800017c   0x0800017c   0x00000000   Code   RO         2304    .ARM.Collect$$libinit$$0000002E  c_w.l(libinit2.o)
    0x0800017c   0x0800017c   0x00000000   Code   RO         2306    .ARM.Collect$$libinit$$00000030  c_w.l(libinit2.o)
    0x0800017c   0x0800017c   0x00000000   Code   RO         2308    .ARM.Collect$$libinit$$00000032  c_w.l(libinit2.o)
    0x0800017c   0x0800017c   0x00000002   Code   RO         2309    .ARM.Collect$$libinit$$00000033  c_w.l(libinit2.o)
    0x0800017e   0x0800017e   0x00000002   Code   RO         2339    .ARM.Collect$$libshutdown$$00000000  c_w.l(libshutdown.o)
    0x08000180   0x08000180   0x00000000   Code   RO         2350    .ARM.Collect$$libshutdown$$00000002  c_w.l(libshutdown2.o)
    0x08000180   0x08000180   0x00000000   Code   RO         2352    .ARM.Collect$$libshutdown$$00000004  c_w.l(libshutdown2.o)
    0x08000180   0x08000180   0x00000000   Code   RO         2354    .ARM.Collect$$libshutdown$$00000006  c_w.l(libshutdown2.o)
    0x08000180   0x08000180   0x00000000   Code   RO         2357    .ARM.Collect$$libshutdown$$00000009  c_w.l(libshutdown2.o)
    0x08000180   0x08000180   0x00000000   Code   RO         2360    .ARM.Collect$$libshutdown$$0000000C  c_w.l(libshutdown2.o)
    0x08000180   0x08000180   0x00000000   Code   RO         2362    .ARM.Collect$$libshutdown$$0000000E  c_w.l(libshutdown2.o)
    0x08000180   0x08000180   0x00000000   Code   RO         2365    .ARM.Collect$$libshutdown$$00000011  c_w.l(libshutdown2.o)
    0x08000180   0x08000180   0x00000002   Code   RO         2366    .ARM.Collect$$libshutdown$$00000012  c_w.l(libshutdown2.o)
    0x08000182   0x08000182   0x00000000   Code   RO         2177    .ARM.Collect$$rtentry$$00000000  c_w.l(__rtentry.o)
    0x08000182   0x08000182   0x00000000   Code   RO         2193    .ARM.Collect$$rtentry$$00000002  c_w.l(__rtentry2.o)
    0x08000182   0x08000182   0x00000006   Code   RO         2205    .ARM.Collect$$rtentry$$00000004  c_w.l(__rtentry4.o)
    0x08000188   0x08000188   0x00000000   Code   RO         2195    .ARM.Collect$$rtentry$$00000009  c_w.l(__rtentry2.o)
    0x08000188   0x08000188   0x00000004   Code   RO         2196    .ARM.Collect$$rtentry$$0000000A  c_w.l(__rtentry2.o)
    0x0800018c   0x0800018c   0x00000000   Code   RO         2198    .ARM.Collect$$rtentry$$0000000C  c_w.l(__rtentry2.o)
    0x0800018c   0x0800018c   0x00000008   Code   RO         2199    .ARM.Collect$$rtentry$$0000000D  c_w.l(__rtentry2.o)
    0x08000194   0x08000194   0x00000002   Code   RO         2310    .ARM.Collect$$rtexit$$00000000  c_w.l(rtexit.o)
    0x08000196   0x08000196   0x00000000   Code   RO         2317    .ARM.Collect$$rtexit$$00000002  c_w.l(rtexit2.o)
    0x08000196   0x08000196   0x00000004   Code   RO         2318    .ARM.Collect$$rtexit$$00000003  c_w.l(rtexit2.o)
    0x0800019a   0x0800019a   0x00000006   Code   RO         2319    .ARM.Collect$$rtexit$$00000004  c_w.l(rtexit2.o)
    0x080001a0   0x080001a0   0x00000040   Code   RO           20  * .text               startup_stm32f10x_md.o
    0x080001e0   0x080001e0   0x00000028   Code   RO         2123    .text               c_w.l(noretval__2sprintf.o)
    0x08000208   0x08000208   0x0000010e   Code   RO         2135    .text               c_w.l(__printf_wp.o)
    0x08000316   0x08000316   0x00000006   Code   RO         2151    .text               c_w.l(heapauxi.o)
    0x0800031c   0x0800031c   0x0000041e   Code   RO         2178    .text               c_w.l(_printf_fp_dec.o)
    0x0800073a   0x0800073a   0x00000002   PAD
    0x0800073c   0x0800073c   0x00000030   Code   RO         2180    .text               c_w.l(_printf_char_common.o)
    0x0800076c   0x0800076c   0x0000000a   Code   RO         2182    .text               c_w.l(_sputc.o)
    0x08000776   0x08000776   0x00000002   PAD
    0x08000778   0x08000778   0x00000008   Code   RO         2210    .text               c_w.l(rt_locale_intlibspace.o)
    0x08000780   0x08000780   0x0000008a   Code   RO         2212    .text               c_w.l(lludiv10.o)
    0x0800080a   0x0800080a   0x00000002   PAD
    0x0800080c   0x0800080c   0x00000080   Code   RO         2214    .text               c_w.l(_printf_fp_infnan.o)
    0x0800088c   0x0800088c   0x000000e4   Code   RO         2218    .text               c_w.l(bigflt0.o)
    0x08000970   0x08000970   0x00000008   Code   RO         2250    .text               c_w.l(libspace.o)
    0x08000978   0x08000978   0x0000004a   Code   RO         2253    .text               c_w.l(sys_stackheap_outer.o)
    0x080009c2   0x080009c2   0x00000012   Code   RO         2255    .text               c_w.l(exit.o)
    0x080009d4   0x080009d4   0x00000080   Code   RO         2257    .text               c_w.l(strcmpv7m.o)
    0x08000a54   0x08000a54   0x0000000c   Code   RO         2329    .text               c_w.l(sys_exit.o)
    0x08000a60   0x08000a60   0x00000002   Code   RO         2340    .text               c_w.l(use_no_semi.o)
    0x08000a62   0x08000a62   0x00000000   Code   RO         2342    .text               c_w.l(indicate_semi.o)
    0x08000a62   0x08000a62   0x0000003e   Code   RO         2221    CL$$btod_d2e        c_w.l(btod.o)
    0x08000aa0   0x08000aa0   0x00000046   Code   RO         2223    CL$$btod_d2e_denorm_low  c_w.l(btod.o)
    0x08000ae6   0x08000ae6   0x00000060   Code   RO         2222    CL$$btod_d2e_norm_op1  c_w.l(btod.o)
    0x08000b46   0x08000b46   0x00000338   Code   RO         2231    CL$$btod_div_common  c_w.l(btod.o)
    0x08000e7e   0x08000e7e   0x000000dc   Code   RO         2228    CL$$btod_e2e        c_w.l(btod.o)
    0x08000f5a   0x08000f5a   0x0000002a   Code   RO         2225    CL$$btod_ediv       c_w.l(btod.o)
    0x08000f84   0x08000f84   0x0000002a   Code   RO         2224    CL$$btod_emul       c_w.l(btod.o)
    0x08000fae   0x08000fae   0x00000244   Code   RO         2230    CL$$btod_mult_common  c_w.l(btod.o)
    0x080011f2   0x080011f2   0x00000004   Code   RO         2022    i.BusFault_Handler  stm32f10x_it.o
    0x080011f6   0x080011f6   0x00000002   Code   RO         2023    i.DebugMon_Handler  stm32f10x_it.o
    0x080011f8   0x080011f8   0x00000012   Code   RO         1913    i.Delay             nrf24l01.o
    0x0800120a   0x0800120a   0x00000002   PAD
    0x0800120c   0x0800120c   0x00000040   Code   RO         1296    i.EXTI9_5_IRQHandler  eint.o
    0x0800124c   0x0800124c   0x0000000c   Code   RO          458    i.EXTI_ClearITPendingBit  stm32f10x_exti.o
    0x08001258   0x08001258   0x00000028   Code   RO          462    i.EXTI_GetITStatus  stm32f10x_exti.o
    0x08001280   0x08001280   0x00000116   Code   RO           30    i.GPIO_Init         stm32f10x_gpio.o
    0x08001396   0x08001396   0x00000012   Code   RO           34    i.GPIO_ReadInputDataBit  stm32f10x_gpio.o
    0x080013a8   0x080013a8   0x00000004   Code   RO           37    i.GPIO_ResetBits    stm32f10x_gpio.o
    0x080013ac   0x080013ac   0x00000004   Code   RO           38    i.GPIO_SetBits      stm32f10x_gpio.o
    0x080013b0   0x080013b0   0x00000004   Code   RO         2024    i.HardFault_Handler  stm32f10x_it.o
    0x080013b4   0x080013b4   0x0000006c   Code   RO         1623    i.IIC_Init          gpio_iic.o
    0x08001420   0x08001420   0x00000014   Code   RO         1626    i.IIC_Sda_In        gpio_iic.o
    0x08001434   0x08001434   0x00000014   Code   RO         1627    i.IIC_Sda_Out       gpio_iic.o
    0x08001448   0x08001448   0x00000050   Code   RO         1628    i.IIC_Send_Byte     gpio_iic.o
    0x08001498   0x08001498   0x00000038   Code   RO         1629    i.IIC_Start         gpio_iic.o
    0x080014d0   0x080014d0   0x0000003c   Code   RO         1630    i.IIC_Stop          gpio_iic.o
    0x0800150c   0x0800150c   0x0000004c   Code   RO         1631    i.IIC_Wait_Ack      gpio_iic.o
    0x08001558   0x08001558   0x00000004   Code   RO         2025    i.MemManage_Handler  stm32f10x_it.o
    0x0800155c   0x0800155c   0x00000002   Code   RO         2026    i.NMI_Handler       stm32f10x_it.o
    0x0800155e   0x0800155e   0x00000002   PAD
    0x08001560   0x08001560   0x0000004c   Code   RO         1914    i.NRF_Check         nrf24l01.o
    0x080015ac   0x080015ac   0x00000068   Code   RO         1915    i.NRF_RX_Mode       nrf24l01.o
    0x08001614   0x08001614   0x0000005c   Code   RO         1916    i.NRF_Rx_Dat        nrf24l01.o
    0x08001670   0x08001670   0x00000040   Code   RO         1443    i.OLED_Clear        oled.o
    0x080016b0   0x080016b0   0x000000e8   Code   RO         1447    i.OLED_Init         oled.o
    0x08001798   0x08001798   0x0000002a   Code   RO         1449    i.OLED_Set_Pos      oled.o
    0x080017c2   0x080017c2   0x00000002   PAD
    0x080017c4   0x080017c4   0x000000a4   Code   RO         1451    i.OLED_ShowChar     oled.o
    0x08001868   0x08001868   0x00000088   Code   RO         1453    i.OLED_ShowNum      oled.o
    0x080018f0   0x080018f0   0x0000003a   Code   RO         1454    i.OLED_ShowString   oled.o
    0x0800192a   0x0800192a   0x00000018   Code   RO         1457    i.OLED_WR_Byte      oled.o
    0x08001942   0x08001942   0x00000002   Code   RO         2027    i.PendSV_Handler    stm32f10x_it.o
    0x08001944   0x08001944   0x00000020   Code   RO          225    i.RCC_APB2PeriphClockCmd  stm32f10x_rcc.o
    0x08001964   0x08001964   0x00000010   Code   RO          956    i.RTC_ClearITPendingBit  stm32f10x_rtc.o
    0x08001974   0x08001974   0x00000014   Code   RO          959    i.RTC_GetCounter    stm32f10x_rtc.o
    0x08001988   0x08001988   0x00000024   Code   RO          962    i.RTC_GetITStatus   stm32f10x_rtc.o
    0x080019ac   0x080019ac   0x00000020   Code   RO         1819    i.RTC_IRQHandler    rtc.o
    0x080019cc   0x080019cc   0x000000b4   Code   RO         1919    i.SPI2_For_Nrf24l01  nrf24l01.o
    0x08001a80   0x08001a80   0x00000014   Code   RO         1920    i.SPI_NRF_Init      nrf24l01.o
    0x08001a94   0x08001a94   0x00000058   Code   RO         1921    i.SPI_NRF_RW        nrf24l01.o
    0x08001aec   0x08001aec   0x00000048   Code   RO         1922    i.SPI_NRF_ReadBuf   nrf24l01.o
    0x08001b34   0x08001b34   0x00000034   Code   RO         1923    i.SPI_NRF_ReadReg   nrf24l01.o
    0x08001b68   0x08001b68   0x00000048   Code   RO         1924    i.SPI_NRF_WriteBuf  nrf24l01.o
    0x08001bb0   0x08001bb0   0x00000034   Code   RO         1925    i.SPI_NRF_WriteReg  nrf24l01.o
    0x08001be4   0x08001be4   0x00000002   Code   RO         2028    i.SVC_Handler       stm32f10x_it.o
    0x08001be6   0x08001be6   0x00000008   Code   RO         2085    i.SetSysClock       system_stm32f10x.o
    0x08001bee   0x08001bee   0x00000002   PAD
    0x08001bf0   0x08001bf0   0x000000e0   Code   RO         2086    i.SetSysClockTo72   system_stm32f10x.o
    0x08001cd0   0x08001cd0   0x00000028   Code   RO          425    i.SysTick_CLKSourceConfig  misc.o
    0x08001cf8   0x08001cf8   0x00000002   Code   RO         2029    i.SysTick_Handler   stm32f10x_it.o
    0x08001cfa   0x08001cfa   0x00000002   PAD
    0x08001cfc   0x08001cfc   0x00000060   Code   RO         2088    i.SystemInit        system_stm32f10x.o
    0x08001d5c   0x08001d5c   0x00000034   Code   RO         1347    i.USART1_IRQHandler  usart1.o
    0x08001d90   0x08001d90   0x0000001e   Code   RO          554    i.USART_ClearITPendingBit  stm32f10x_usart.o
    0x08001dae   0x08001dae   0x00000054   Code   RO          561    i.USART_GetITStatus  stm32f10x_usart.o
    0x08001e02   0x08001e02   0x0000000a   Code   RO          571    i.USART_ReceiveData  stm32f10x_usart.o
    0x08001e0c   0x08001e0c   0x00000004   Code   RO         2030    i.UsageFault_Handler  stm32f10x_it.o
    0x08001e10   0x08001e10   0x0000002c   Code   RO         1459    i.Write_IIC_Command  oled.o
    0x08001e3c   0x08001e3c   0x0000002c   Code   RO         1460    i.Write_IIC_Data    oled.o
    0x08001e68   0x08001e68   0x00000028   Code   RO         2248    i.__ARM_fpclassify  m_ws.l(fpclassify.o)
    0x08001e90   0x08001e90   0x0000000e   Code   RO         2137    i._is_digit         c_w.l(__printf_wp.o)
    0x08001e9e   0x08001e9e   0x00000002   PAD
    0x08001ea0   0x08001ea0   0x000000e8   Code   RO         1820    i.conv_time         rtc.o
    0x08001f88   0x08001f88   0x00000034   Code   RO         1261    i.delay_init        delay.o
    0x08001fbc   0x08001fbc   0x00000038   Code   RO         1262    i.delay_ms          delay.o
    0x08001ff4   0x08001ff4   0x0000004c   Code   RO         1263    i.delay_us          delay.o
    0x08002040   0x08002040   0x0000004c   Code   RO         1264    i.delay_xms         delay.o
    0x0800208c   0x0800208c   0x00000034   Code   RO         1822    i.isLeapYear        rtc.o
    0x080020c0   0x080020c0   0x00000044   Code   RO         1213    i.led_init          led.o
    0x08002104   0x08002104   0x00000030   Code   RO         1215    i.led_on            led.o
    0x08002134   0x08002134   0x0000016c   Code   RO         2000    i.main              main.o
    0x080022a0   0x080022a0   0x00000016   Code   RO         1462    i.oled_pow          oled.o
    0x080022b6   0x080022b6   0x00000002   PAD
    0x080022b8   0x080022b8   0x0000002c   Code   RO         2244    locale$$code        c_w.l(lc_numeric_c.o)
    0x080022e4   0x080022e4   0x0000000c   Code   RO         2187    x$fpl$dretinf       fz_ws.l(dretinf.o)
    0x080022f0   0x080022f0   0x00000056   Code   RO         2173    x$fpl$f2d           fz_ws.l(f2d.o)
    0x08002346   0x08002346   0x0000008c   Code   RO         2189    x$fpl$fnaninf       fz_ws.l(fnaninf.o)
    0x080023d2   0x080023d2   0x00000004   Code   RO         2175    x$fpl$printf1       fz_ws.l(printf1.o)
    0x080023d6   0x080023d6   0x00000000   Code   RO         2191    x$fpl$usenofp       fz_ws.l(usenofp.o)
    0x080023d6   0x080023d6   0x00000818   Data   RO         1463    .constdata          oled.o
    0x08002bee   0x08002bee   0x0000000c   Data   RO         1826    .constdata          rtc.o
    0x08002bfa   0x08002bfa   0x00000002   PAD
    0x08002bfc   0x08002bfc   0x00000094   Data   RO         2219    .constdata          c_w.l(bigflt0.o)
    0x08002c90   0x08002c90   0x00000020   Data   RO         2391    Region$$Table       anon$$obj.o
    0x08002cb0   0x08002cb0   0x0000001c   Data   RO         2243    locale$$data        c_w.l(lc_numeric_c.o)


    Execution Region ER_RW (Exec base: 0x20000000, Load base: 0x08002ccc, Size: 0x0000001c, Max: 0xffffffff, ABSOLUTE)

    Exec Addr    Load Addr    Size         Type   Attr      Idx    E Section Name        Object

    0x20000000   0x08002ccc   0x00000004   Data   RW         1265    .data               delay.o
    0x20000004   0x08002cd0   0x00000008   Data   RW         1299    .data               eint.o
    0x2000000c   0x08002cd8   0x00000004   Data   RW         1353    .data               usart1.o
    0x20000010   0x08002cdc   0x0000000c   Data   RW         1632    .data               gpio_iic.o


    Execution Region ER_ZI (Exec base: 0x2000001c, Load base: 0x08002ce8, Size: 0x0000067c, Max: 0xffffffff, ABSOLUTE)

    Exec Addr    Load Addr    Size         Type   Attr      Idx    E Section Name        Object

    0x2000001c        -       0x0000001c   Zero   RW         1825    .bss                rtc.o
    0x20000038        -       0x00000060   Zero   RW         2251    .bss                c_w.l(libspace.o)
    0x20000098        -       0x00000200   Zero   RW           18    HEAP                startup_stm32f10x_md.o
    0x20000298        -       0x00000400   Zero   RW           17    STACK               startup_stm32f10x_md.o


==============================================================================

Image component sizes


      Code (inc. data)   RO Data    RW Data    ZI Data      Debug   Object Name

         0          0          0          0          0       4596   core_cm3.o
       260         18          0          4          0       2379   delay.o
        64          8          0          8          0       1097   eint.o
       420         80          0         12          0       3999   gpio_iic.o
       116         16          0          0          0        984   led.o
       364        104          0          0          0        671   main.o
        40          0          0          0          0        522   misc.o
       826         58          0          0          0       8721   nrf24l01.o
       830         10       2072          0          0       7844   oled.o
       316         14         12          0         28       2734   rtc.o
        64         26        236          0       1536        828   startup_stm32f10x_md.o
        52         12          0          0          0       1136   stm32f10x_exti.o
       304          0          0          0          0     219828   stm32f10x_gpio.o
        26          0          0          0          0       4062   stm32f10x_it.o
        32          6          0          0          0        573   stm32f10x_rcc.o
        72         12          0          0          0       1611   stm32f10x_rtc.o
       124          0          0          0          0       3366   stm32f10x_usart.o
       328         28          0          0          0       1961   system_stm32f10x.o
        52          8          0          4          0       1083   usart1.o

    ----------------------------------------------------------------------
      4302        400       2354         28       1564     267995   Object Totals
         0          0         32          0          0          0   (incl. Generated)
        12          0          2          0          0          0   (incl. Padding)

    ----------------------------------------------------------------------

      Code (inc. data)   RO Data    RW Data    ZI Data      Debug   Library Member Name

         8          0          0          0          0         68   __main.o
       284          0          0          0          0        156   __printf_wp.o
         0          0          0          0          0          0   __rtentry.o
        12          0          0          0          0          0   __rtentry2.o
         6          0          0          0          0          0   __rtentry4.o
        52          8          0          0          0          0   __scatter.o
        26          0          0          0          0          0   __scatter_copy.o
        28          0          0          0          0          0   __scatter_zi.o
        48          6          0          0          0         96   _printf_char_common.o
         6          0          0          0          0          0   _printf_f.o
      1054          0          0          0          0        216   _printf_fp_dec.o
       128         16          0          0          0         84   _printf_fp_infnan.o
         0          0          0          0          0          0   _printf_percent.o
         4          0          0          0          0          0   _printf_percent_end.o
        10          0          0          0          0         68   _sputc.o
       228          4        148          0          0         96   bigflt0.o
      1936        128          0          0          0        672   btod.o
        18          0          0          0          0         80   exit.o
         6          0          0          0          0        152   heapauxi.o
         0          0          0          0          0          0   indicate_semi.o
        44         10         28          0          0         76   lc_numeric_c.o
         2          0          0          0          0          0   libinit.o
        18          0          0          0          0          0   libinit2.o
         2          0          0          0          0          0   libshutdown.o
         2          0          0          0          0          0   libshutdown2.o
         8          4          0          0         96         68   libspace.o
       138          0          0          0          0         80   lludiv10.o
        40          6          0          0          0         84   noretval__2sprintf.o
         8          4          0          0          0         68   rt_locale_intlibspace.o
         2          0          0          0          0          0   rtexit.o
        10          0          0          0          0          0   rtexit2.o
       128          0          0          0          0         68   strcmpv7m.o
        12          4          0          0          0         68   sys_exit.o
        74          0          0          0          0         80   sys_stackheap_outer.o
         2          0          0          0          0         68   use_no_semi.o
        12          0          0          0          0         68   dretinf.o
        86          4          0          0          0         84   f2d.o
       140          4          0          0          0         84   fnaninf.o
         4          0          0          0          0         68   printf1.o
         0          0          0          0          0          0   usenofp.o
        40          0          0          0          0         68   fpclassify.o

    ----------------------------------------------------------------------
      4636        198        176          0         96       2720   Library Totals
        10          0          0          0          0          0   (incl. Padding)

    ----------------------------------------------------------------------

      Code (inc. data)   RO Data    RW Data    ZI Data      Debug   Library Name

      4344        190        176          0         96       2348   c_w.l
       242          8          0          0          0        304   fz_ws.l
        40          0          0          0          0         68   m_ws.l

    ----------------------------------------------------------------------
      4636        198        176          0         96       2720   Library Totals

    ----------------------------------------------------------------------

==============================================================================


      Code (inc. data)   RO Data    RW Data    ZI Data      Debug   

      8938        598       2530         28       1660     266031   Grand Totals
      8938        598       2530         28       1660     266031   ELF Image Totals
      8938        598       2530         28          0          0   ROM Totals

==============================================================================

    Total RO  Size (Code + RO Data)                11468 (  11.20kB)
    Total RW  Size (RW Data + ZI Data)              1688 (   1.65kB)
    Total ROM Size (Code + RO Data + RW Data)      11496 (  11.23kB)

==============================================================================

